Missing character: There is no н (U+043D) in font [lmroman10-regular]:mapping=t
ex-text;!
Missing character: There is no ы (U+044B) in font [lmroman10-regular]:mapping=t
ex-text;!
Missing character: There is no х (U+0445) in font [lmroman10-regular]:mapping=t
ex-text;!
Missing character: There is no к (U+043A) in font [lmroman10-regular]:mapping=t
ex-text;!
Missing character: There is no о (U+043E) in font [lmroman10-regular]:mapping=t
ex-text;!
Missing character: There is no м (U+043C) in font [lmroman10-regular]:mapping=t
ex-text;!
Missing character: There is no п (U+043F) in font [lmroman10-regular]:mapping=t
ex-text;!
Missing character: There is no ь (U+044C) in font [lmroman10-regular]:mapping=t
ex-text;!
Missing character: There is no ю (U+044E) in font [lmroman10-regular]:mapping=t
ex-text;!
Missing character: There is no т (U+0442) in font [lmroman10-regular]:mapping=t
ex-text;!
Missing character: There is no е (U+0435) in font [lmroman10-regular]:mapping=t
ex-text;!
Missing character: There is no р (U+0440) in font [lmroman10-regular]:mapping=t
ex-text;!
Missing character: There is no а (U+0430) in font [lmroman10-regular]:mapping=t
ex-text;!
Missing character: There is no х (U+0445) in font [lmroman10-regular]:mapping=t
ex-text;!
! Undefined control sequence.
l.73 \subsection
                {Программные платформы эксперимента}
? 
Missing character: There is no П (U+041F) in font [lmroman10-regular]:mapping=t
ex-text;!
Missing character: There is no р (U+0440) in font [lmroman10-regular]:mapping=t
ex-text;!
Missing character: There is no о (U+043E) in font [lmroman10-regular]:mapping=t
ex-text;!
Missing character: There is no г (U+0433) in font [lmroman10-regular]:mapping=t
ex-text;!
Missing character: There is no р (U+0440) in font [lmroman10-regular]:mapping=t
ex-text;!
Missing character: There is no а (U+0430) in font [lmroman10-regular]:mapping=t
ex-text;!
Missing character: There is no м (U+043C) in font [lmroman10-regular]:mapping=t
ex-text;!
Missing character: There is no м (U+043C) in font [lmroman10-regular]:mapping=t
ex-text;!
Missing character: There is no н (U+043D) in font [lmroman10-regular]:mapping=t
ex-text;!
Missing character: There is no ы (U+044B) in font [lmroman10-regular]:mapping=t
ex-text;!
Missing character: There is no е (U+0435) in font [lmroman10-regular]:mapping=t
ex-text;!
Missing character: There is no п (U+043F) in font [lmroman10-regular]:mapping=t
ex-text;!
Missing character: There is no л (U+043B) in font [lmroman10-regular]:mapping=t
ex-text;!
Missing character: There is no а (U+0430) in font [lmroman10-regular]:mapping=t
ex-text;!
Missing character: There is no т (U+0442) in font [lmroman10-regular]:mapping=t
ex-text;!
Missing character: There is no ф (U+0444) in font [lmroman10-regular]:mapping=t
ex-text;!
Missing character: There is no о (U+043E) in font [lmroman10-regular]:mapping=t
ex-text;!
Missing character: There is no р (U+0440) in font [lmroman10-regular]:mapping=t
ex-text;!
Missing character: There is no м (U+043C) in font [lmroman10-regular]:mapping=t
ex-text;!
Missing character: There is no ы (U+044B) in font [lmroman10-regular]:mapping=t
ex-text;!
Missing character: There is no э (U+044D) in font [lmroman10-regular]:mapping=t
ex-text;!
Missing character: There is no к (U+043A) in font [lmroman10-regular]:mapping=t
ex-text;!
Missing character: There is no с (U+0441) in font [lmroman10-regular]:mapping=t
ex-text;!
Missing character: There is no п (U+043F) in font [lmroman10-regular]:mapping=t
ex-text;!
Missing character: There is no е (U+0435) in font [lmroman10-regular]:mapping=t
ex-text;!
Missing character: There is no р (U+0440) in font [lmroman10-regular]:mapping=t
ex-text;!
Missing character: There is no и (U+0438) in font [lmroman10-regular]:mapping=t
ex-text;!
Missing character: There is no м (U+043C) in font [lmroman10-regular]:mapping=t
ex-text;!
Missing character: There is no е (U+0435) in font [lmroman10-regular]:mapping=t
ex-text;!
Missing character: There is no н (U+043D) in font [lmroman10-regular]:mapping=t
ex-text;!
Missing character: There is no т (U+0442) in font [lmroman10-regular]:mapping=t
ex-text;!
Missing character: There is no а (U+0430) in font [lmroman10-regular]:mapping=t
ex-text;!
Missing character: There is no О (U+041E) in font [lmroman10-regular]:mapping=t
ex-text;!
Missing character: There is no с (U+0441) in font [lmroman10-regular]:mapping=t
ex-text;!
Missing character: There is no н (U+043D) in font [lmroman10-regular]:mapping=t
ex-text;!
Missing character: There is no о (U+043E) in font [lmroman10-regular]:mapping=t
ex-text;!
Missing character: There is no в (U+0432) in font [lmroman10-regular]:mapping=t
ex-text;!
Missing character: There is no н (U+043D) in font [lmroman10-regular]:mapping=t
ex-text;!
Missing character: There is no ы (U+044B) in font [lmroman10-regular]:mapping=t
ex-text;!
Missing character: There is no м (U+043C) in font [lmroman10-regular]:mapping=t
ex-text;!
Missing character: There is no и (U+0438) in font [lmroman10-regular]:mapping=t
ex-text;!
Missing character: There is no п (U+043F) in font [lmroman10-regular]:mapping=t
ex-text;!
Missing character: There is no л (U+043B) in font [lmroman10-regular]:mapping=t
ex-text;!
Missing character: There is no а (U+0430) in font [lmroman10-regular]:mapping=t
ex-text;!
Missing character: There is no т (U+0442) in font [lmroman10-regular]:mapping=t
ex-text;!
Missing character: There is no ф (U+0444) in font [lmroman10-regular]:mapping=t
ex-text;!
Missing character: There is no о (U+043E) in font [lmroman10-regular]:mapping=t
ex-text;!
Missing character: There is no р (U+0440) in font [lmroman10-regular]:mapping=t
ex-text;!
Missing character: There is no м (U+043C) in font [lmroman10-regular]:mapping=t
ex-text;!
Missing character: There is no а (U+0430) in font [lmroman10-regular]:mapping=t
ex-text;!
Missing character: There is no м (U+043C) in font [lmroman10-regular]:mapping=t
ex-text;!
Missing character: There is no и (U+0438) in font [lmroman10-regular]:mapping=t
ex-text;!
Missing character: There is no я (U+044F) in font [lmroman10-regular]:mapping=t
ex-text;!
Missing character: There is no в (U+0432) in font [lmroman10-regular]:mapping=t
ex-text;!
Missing character: There is no л (U+043B) in font [lmroman10-regular]:mapping=t
ex-text;!
Missing character: There is no я (U+044F) in font [lmroman10-regular]:mapping=t
ex-text;!
Missing character: There is no ю (U+044E) in font [lmroman10-regular]:mapping=t
ex-text;!
Missing character: There is no т (U+0442) in font [lmroman10-regular]:mapping=t
ex-text;!
Missing character: There is no с (U+0441) in font [lmroman10-regular]:mapping=t
ex-text;!
Missing character: There is no я (U+044F) in font [lmroman10-regular]:mapping=t
ex-text;!
Missing character: There is no с (U+0441) in font [lmroman10-regular]:mapping=t
ex-text;!
Missing character: There is no и (U+0438) in font [lmroman10-regular]:mapping=t
ex-text;!
Missing character: There is no с (U+0441) in font [lmroman10-regular]:mapping=t
ex-text;!
Missing character: There is no т (U+0442) in font [lmroman10-regular]:mapping=t
ex-text;!
Missing character: There is no е (U+0435) in font [lmroman10-regular]:mapping=t
ex-text;!
Missing character: There is no м (U+043C) in font [lmroman10-regular]:mapping=t
ex-text;!
Missing character: There is no а (U+0430) in font [lmroman10-regular]:mapping=t
ex-text;!
Missing character: There is no с (U+0441) in font [lmroman10-regular]:mapping=t
ex-text;!
Missing character: There is no п (U+043F) in font [lmroman10-regular]:mapping=t
ex-text;!
Missing character: There is no о (U+043E) in font [lmroman10-regular]:mapping=t
ex-text;!
Missing character: There is no д (U+0434) in font [lmroman10-regular]:mapping=t
ex-text;!
Missing character: There is no и (U+0438) in font [lmroman10-regular]:mapping=t
ex-text;!
Missing character: There is no с (U+0441) in font [lmroman10-regular]:mapping=t
ex-text;!
Missing character: There is no п (U+043F) in font [lmroman10-regular]:mapping=t
ex-text;!
Missing character: There is no о (U+043E) in font [lmroman10-regular]:mapping=t
ex-text;!
Missing character: There is no д (U+0434) in font [lmroman10-regular]:mapping=t
ex-text;!
Missing character: There is no И (U+0418) in font [lmroman10-regular]:mapping=t
ex-text;!
Missing character: There is no х (U+0445) in font [lmroman10-regular]:mapping=t
ex-text;!
Missing character: There is no п (U+043F) in font [lmroman10-regular]:mapping=t
ex-text;!
Missing character: There is no р (U+0440) in font [lmroman10-regular]:mapping=t
ex-text;!
Missing character: There is no о (U+043E) in font [lmroman10-regular]:mapping=t
ex-text;!
Missing character: There is no г (U+0433) in font [lmroman10-regular]:mapping=t
ex-text;!
Missing character: There is no р (U+0440) in font [lmroman10-regular]:mapping=t
ex-text;!
Missing character: There is no а (U+0430) in font [lmroman10-regular]:mapping=t
ex-text;!
Missing character: There is no м (U+043C) in font [lmroman10-regular]:mapping=t
ex-text;!
Missing character: There is no м (U+043C) in font [lmroman10-regular]:mapping=t
ex-text;!
Missing character: There is no н (U+043D) in font [lmroman10-regular]:mapping=t
ex-text;!
Missing character: There is no ы (U+044B) in font [lmroman10-regular]:mapping=t
ex-text;!
Missing character: There is no е (U+0435) in font [lmroman10-regular]:mapping=t
ex-text;!
Missing character: There is no к (U+043A) in font [lmroman10-regular]:mapping=t
ex-text;!
Missing character: There is no о (U+043E) in font [lmroman10-regular]:mapping=t
ex-text;!
Missing character: There is no н (U+043D) in font [lmroman10-regular]:mapping=t
ex-text;!
Missing character: There is no ф (U+0444) in font [lmroman10-regular]:mapping=t
ex-text;!
Missing character: There is no и (U+0438) in font [lmroman10-regular]:mapping=t
ex-text;!
Missing character: There is no г (U+0433) in font [lmroman10-regular]:mapping=t
ex-text;!
Missing character: There is no у (U+0443) in font [lmroman10-regular]:mapping=t
ex-text;!
Missing character: There is no р (U+0440) in font [lmroman10-regular]:mapping=t
ex-text;!
Missing character: There is no а (U+0430) in font [lmroman10-regular]:mapping=t
ex-text;!
Missing character: There is no ц (U+0446) in font [lmroman10-regular]:mapping=t
ex-text;!
Missing character: There is no и (U+0438) in font [lmroman10-regular]:mapping=t
ex-text;!
Missing character: There is no и (U+0438) in font [lmroman10-regular]:mapping=t
ex-text;!
Missing character: There is no б (U+0431) in font [lmroman10-regular]:mapping=t
ex-text;!
Missing character: There is no у (U+0443) in font [lmroman10-regular]:mapping=t
ex-text;!
Missing character: There is no д (U+0434) in font [lmroman10-regular]:mapping=t
ex-text;!
Missing character: There is no у (U+0443) in font [lmroman10-regular]:mapping=t
ex-text;!
Missing character: There is no т (U+0442) in font [lmroman10-regular]:mapping=t
ex-text;!
Missing character: There is no з (U+0437) in font [lmroman10-regular]:mapping=t
ex-text;!
Missing character: There is no а (U+0430) in font [lmroman10-regular]:mapping=t
ex-text;!
Missing character: There is no ф (U+0444) in font [lmroman10-regular]:mapping=t
ex-text;!
Missing character: There is no и (U+0438) in font [lmroman10-regular]:mapping=t
ex-text;!
Missing character: There is no к (U+043A) in font [lmroman10-regular]:mapping=t
ex-text;!
Missing character: There is no с (U+0441) in font [lmroman10-regular]:mapping=t
ex-text;!
Missing character: There is no и (U+0438) in font [lmroman10-regular]:mapping=t
ex-text;!
Missing character: There is no р (U+0440) in font [lmroman10-regular]:mapping=t
ex-text;!
Missing character: There is no о (U+043E) in font [lmroman10-regular]:mapping=t
ex-text;!
Missing character: There is no в (U+0432) in font [lmroman10-regular]:mapping=t
ex-text;!
Missing character: There is no а (U+0430) in font [lmroman10-regular]:mapping=t
ex-text;!
Missing character: There is no н (U+043D) in font [lmroman10-regular]:mapping=t
ex-text;!
Missing character: There is no ы (U+044B) in font [lmroman10-regular]:mapping=t
ex-text;!
Missing character: There is no д (U+0434) in font [lmroman10-regular]:mapping=t
ex-text;!
Missing character: There is no о (U+043E) in font [lmroman10-regular]:mapping=t
ex-text;!
Missing character: There is no п (U+043F) in font [lmroman10-regular]:mapping=t
ex-text;!
Missing character: There is no р (U+0440) in font [lmroman10-regular]:mapping=t
ex-text;!
Missing character: There is no о (U+043E) in font [lmroman10-regular]:mapping=t
ex-text;!
Missing character: There is no в (U+0432) in font [lmroman10-regular]:mapping=t
ex-text;!
Missing character: There is no е (U+0435) in font [lmroman10-regular]:mapping=t
ex-text;!
Missing character: There is no д (U+0434) in font [lmroman10-regular]:mapping=t
ex-text;!
Missing character: There is no е (U+0435) in font [lmroman10-regular]:mapping=t
ex-text;!
Missing character: There is no н (U+043D) in font [lmroman10-regular]:mapping=t
ex-text;!
Missing character: There is no и (U+0438) in font [lmroman10-regular]:mapping=t
ex-text;!
Missing character: There is no я (U+044F) in font [lmroman10-regular]:mapping=t
ex-text;!
Missing character: There is no и (U+0438) in font [lmroman10-regular]:mapping=t
ex-text;!
Missing character: There is no з (U+0437) in font [lmroman10-regular]:mapping=t
ex-text;!
Missing character: There is no м (U+043C) in font [lmroman10-regular]:mapping=t
ex-text;!
Missing character: There is no е (U+0435) in font [lmroman10-regular]:mapping=t
ex-text;!
Missing character: There is no р (U+0440) in font [lmroman10-regular]:mapping=t
ex-text;!
Missing character: There is no е (U+0435) in font [lmroman10-regular]:mapping=t
ex-text;!
Missing character: There is no н (U+043D) in font [lmroman10-regular]:mapping=t
ex-text;!
Missing character: There is no и (U+0438) in font [lmroman10-regular]:mapping=t
ex-text;!
Missing character: There is no й (U+0439) in font [lmroman10-regular]:mapping=t
ex-text;!
Missing character: There is no Т (U+0422) in font [lmroman10-regular]:mapping=t
ex-text;!
Missing character: There is no а (U+0430) in font [lmroman10-regular]:mapping=t
ex-text;!
Missing character: There is no б (U+0431) in font [lmroman10-regular]:mapping=t
ex-text;!
Missing character: There is no л (U+043B) in font [lmroman10-regular]:mapping=t
ex-text;!
Missing character: There is no и (U+0438) in font [lmroman10-regular]:mapping=t
ex-text;!
Missing character: There is no ц (U+0446) in font [lmroman10-regular]:mapping=t
ex-text;!
Missing character: There is no а (U+0430) in font [lmroman10-regular]:mapping=t
ex-text;!
! Undefined control sequence.
<write> ...b:software-platforms' on page \thepage 
                                                  \space undefined\on@line .^^J
l.78   Таблица~\ref{tab:software-platforms}
                                            содержит параметры, которые необ...

? 

LaTeX Warning: Reference `tab:software-platforms' on page  undefined on input l
ine 78.

Missing character: There is no с (U+0441) in font [lmroman10-regular]:mapping=t
ex-text;!
Missing character: There is no о (U+043E) in font [lmroman10-regular]:mapping=t
ex-text;!
Missing character: There is no д (U+0434) in font [lmroman10-regular]:mapping=t
ex-text;!
Missing character: There is no е (U+0435) in font [lmroman10-regular]:mapping=t
ex-text;!
Missing character: There is no р (U+0440) in font [lmroman10-regular]:mapping=t
ex-text;!
Missing character: There is no ж (U+0436) in font [lmroman10-regular]:mapping=t
ex-text;!
Missing character: There is no и (U+0438) in font [lmroman10-regular]:mapping=t
ex-text;!
Missing character: There is no т (U+0442) in font [lmroman10-regular]:mapping=t
ex-text;!
Missing character: There is no п (U+043F) in font [lmroman10-regular]:mapping=t
ex-text;!
Missing character: There is no а (U+0430) in font [lmroman10-regular]:mapping=t
ex-text;!
Missing character: There is no р (U+0440) in font [lmroman10-regular]:mapping=t
ex-text;!
Missing character: There is no а (U+0430) in font [lmroman10-regular]:mapping=t
ex-text;!
Missing character: There is no м (U+043C) in font [lmroman10-regular]:mapping=t
ex-text;!
Missing character: There is no е (U+0435) in font [lmroman10-regular]:mapping=t
ex-text;!
Missing character: There is no т (U+0442) in font [lmroman10-regular]:mapping=t
ex-text;!
Missing character: There is no р (U+0440) in font [lmroman10-regular]:mapping=t
ex-text;!
Missing character: There is no ы (U+044B) in font [lmroman10-regular]:mapping=t
ex-text;!
Missing character: There is no к (U+043A) in font [lmroman10-regular]:mapping=t
ex-text;!
Missing character: There is no о (U+043E) in font [lmroman10-regular]:mapping=t
ex-text;!
Missing character: There is no т (U+0442) in font [lmroman10-regular]:mapping=t
ex-text;!
Missing character: There is no о (U+043E) in font [lmroman10-regular]:mapping=t
ex-text;!
Missing character: There is no р (U+0440) in font [lmroman10-regular]:mapping=t
ex-text;!
Missing character: There is no ы (U+044B) in font [lmroman10-regular]:mapping=t
ex-text;!
Missing character: There is no е (U+0435) in font [lmroman10-regular]:mapping=t
ex-text;!
Missing character: There is no н (U+043D) in font [lmroman10-regular]:mapping=t
ex-text;!
Missing character: There is no е (U+0435) in font [lmroman10-regular]:mapping=t
ex-text;!
Missing character: There is no о (U+043E) in font [lmroman10-regular]:mapping=t
ex-text;!
Missing character: There is no б (U+0431) in font [lmroman10-regular]:mapping=t
ex-text;!
Missing character: There is no х (U+0445) in font [lmroman10-regular]:mapping=t
ex-text;!
Missing character: There is no о (U+043E) in font [lmroman10-regular]:mapping=t
ex-text;!
Missing character: There is no д (U+0434) in font [lmroman10-regular]:mapping=t
ex-text;!
Missing character: There is no и (U+0438) in font [lmroman10-regular]:mapping=t
ex-text;!
Missing character: There is no м (U+043C) in font [lmroman10-regular]:mapping=t
ex-text;!
Missing character: There is no о (U+043E) in font [lmroman10-regular]:mapping=t
ex-text;!
Missing character: There is no з (U+0437) in font [lmroman10-regular]:mapping=t
ex-text;!
Missing character: There is no а (U+0430) in font [lmroman10-regular]:mapping=t
ex-text;!
Missing character: There is no п (U+043F) in font [lmroman10-regular]:mapping=t
ex-text;!
Missing character: There is no и (U+0438) in font [lmroman10-regular]:mapping=t
ex-text;!
Missing character: There is no с (U+0441) in font [lmroman10-regular]:mapping=t
ex-text;!
Missing character: There is no а (U+0430) in font [lmroman10-regular]:mapping=t
ex-text;!
Missing character: There is no т (U+0442) in font [lmroman10-regular]:mapping=t
ex-text;!
Missing character: There is no ь (U+044C) in font [lmroman10-regular]:mapping=t
ex-text;!
Missing character: There is no д (U+0434) in font [lmroman10-regular]:mapping=t
ex-text;!
Missing character: There is no л (U+043B) in font [lmroman10-regular]:mapping=t
ex-text;!
Missing character: There is no я (U+044F) in font [lmroman10-regular]:mapping=t
ex-text;!
Missing character: There is no в (U+0432) in font [lmroman10-regular]:mapping=t
ex-text;!
Missing character: There is no о (U+043E) in font [lmroman10-regular]:mapping=t
ex-text;!
Missing character: There is no с (U+0441) in font [lmroman10-regular]:mapping=t
ex-text;!
Missing character: There is no п (U+043F) in font [lmroman10-regular]:mapping=t
ex-text;!
Missing character: There is no р (U+0440) in font [lmroman10-regular]:mapping=t
ex-text;!
Missing character: There is no о (U+043E) in font [lmroman10-regular]:mapping=t
ex-text;!
Missing character: There is no и (U+0438) in font [lmroman10-regular]:mapping=t
ex-text;!
Missing character: There is no з (U+0437) in font [lmroman10-regular]:mapping=t
ex-text;!
Missing character: There is no в (U+0432) in font [lmroman10-regular]:mapping=t
ex-text;!
Missing character: There is no о (U+043E) in font [lmroman10-regular]:mapping=t
ex-text;!
Missing character: There is no д (U+0434) in font [lmroman10-regular]:mapping=t
ex-text;!
Missing character: There is no и (U+0438) in font [lmroman10-regular]:mapping=t
ex-text;!
Missing character: There is no м (U+043C) in font [lmroman10-regular]:mapping=t
ex-text;!
Missing character: There is no о (U+043E) in font [lmroman10-regular]:mapping=t
ex-text;!
Missing character: There is no с (U+0441) in font [lmroman10-regular]:mapping=t
ex-text;!
Missing character: There is no т (U+0442) in font [lmroman10-regular]:mapping=t
ex-text;!
Missing character: There is no и (U+0438) in font [lmroman10-regular]:mapping=t
ex-text;!

! LaTeX Error: Environment table undefined.

See the LaTeX manual or LaTeX Companion for explanation.
Type  H <return>  for immediate help.
 ...                                              
                                                  
l.81 \begin{table}
                  [htbp]
? 

! LaTeX Error: \caption outside float.

See the LaTeX manual or LaTeX Companion for explanation.
Type  H <return>  for immediate help.
 ...                                              
                                                  
l.83   \caption
               {Программные платформы эксперимента}
? 
Missing character: There is no П (U+041F) in font [lmroman10-regular]:mapping=t
ex-text;!
Missing character: There is no р (U+0440) in font [lmroman10-regular]:mapping=t
ex-text;!
Missing character: There is no о (U+043E) in font [lmroman10-regular]:mapping=t
ex-text;!
Missing character: There is no г (U+0433) in font [lmroman10-regular]:mapping=t
ex-text;!
Missing character: There is no р (U+0440) in font [lmroman10-regular]:mapping=t
ex-text;!
Missing character: There is no а (U+0430) in font [lmroman10-regular]:mapping=t
ex-text;!
Missing character: There is no м (U+043C) in font [lmroman10-regular]:mapping=t
ex-text;!
Missing character: There is no м (U+043C) in font [lmroman10-regular]:mapping=t
ex-text;!
Missing character: There is no н (U+043D) in font [lmroman10-regular]:mapping=t
ex-text;!
Missing character: There is no ы (U+044B) in font [lmroman10-regular]:mapping=t
ex-text;!
Missing character: There is no е (U+0435) in font [lmroman10-regular]:mapping=t
ex-text;!
Missing character: There is no п (U+043F) in font [lmroman10-regular]:mapping=t
ex-text;!
Missing character: There is no л (U+043B) in font [lmroman10-regular]:mapping=t
ex-text;!
Missing character: There is no а (U+0430) in font [lmroman10-regular]:mapping=t
ex-text;!
Missing character: There is no т (U+0442) in font [lmroman10-regular]:mapping=t
ex-text;!
Missing character: There is no ф (U+0444) in font [lmroman10-regular]:mapping=t
ex-text;!
Missing character: There is no о (U+043E) in font [lmroman10-regular]:mapping=t
ex-text;!
Missing character: There is no р (U+0440) in font [lmroman10-regular]:mapping=t
ex-text;!
Missing character: There is no м (U+043C) in font [lmroman10-regular]:mapping=t
ex-text;!
Missing character: There is no ы (U+044B) in font [lmroman10-regular]:mapping=t
ex-text;!
Missing character: There is no э (U+044D) in font [lmroman10-regular]:mapping=t
ex-text;!
Missing character: There is no к (U+043A) in font [lmroman10-regular]:mapping=t
ex-text;!
Missing character: There is no с (U+0441) in font [lmroman10-regular]:mapping=t
ex-text;!
Missing character: There is no п (U+043F) in font [lmroman10-regular]:mapping=t
ex-text;!
Missing character: There is no е (U+0435) in font [lmroman10-regular]:mapping=t
ex-text;!
Missing character: There is no р (U+0440) in font [lmroman10-regular]:mapping=t
ex-text;!
Missing character: There is no и (U+0438) in font [lmroman10-regular]:mapping=t
ex-text;!
Missing character: There is no м (U+043C) in font [lmroman10-regular]:mapping=t
ex-text;!
Missing character: There is no е (U+0435) in font [lmroman10-regular]:mapping=t
ex-text;!
Missing character: There is no н (U+043D) in font [lmroman10-regular]:mapping=t
ex-text;!
Missing character: There is no т (U+0442) in font [lmroman10-regular]:mapping=t
ex-text;!
Missing character: There is no а (U+0430) in font [lmroman10-regular]:mapping=t
ex-text;!

! LaTeX Error: Environment tabularx undefined.

See the LaTeX manual or LaTeX Companion for explanation.
Type  H <return>  for immediate help.
 ...                                              
                                                  
l.85   \begin{tabularx}
                       {\textwidth}{|p{3.4cm}|X|X|}
? 
! Missing number, treated as zero.
<to be read again> 
                   }
l.85   \begin{tabularx}{\textwidth}
                                   {|p{3.4cm}|X|X|}
? 
! Illegal unit of measure (pt inserted).
<to be read again> 
                   }
l.85   \begin{tabularx}{\textwidth}
                                   {|p{3.4cm}|X|X|}
? 
! Misplaced \noalign.
\hline ->\noalign 
                  {\ifnum 0=`}\fi \hrule \@height \arrayrulewidth \futurelet...
l.86     \hline
               
? 
Missing character: There is no П (U+041F) in font [lmroman10-regular]:mapping=t
ex-text;!
Missing character: There is no а (U+0430) in font [lmroman10-regular]:mapping=t
ex-text;!
Missing character: There is no р (U+0440) in font [lmroman10-regular]:mapping=t
ex-text;!
Missing character: There is no а (U+0430) in font [lmroman10-regular]:mapping=t
ex-text;!
Missing character: There is no м (U+043C) in font [lmroman10-regular]:mapping=t
ex-text;!
Missing character: There is no е (U+0435) in font [lmroman10-regular]:mapping=t
ex-text;!
Missing character: There is no т (U+0442) in font [lmroman10-regular]:mapping=t
ex-text;!
Missing character: There is no р (U+0440) in font [lmroman10-regular]:mapping=t
ex-text;!
! Misplaced alignment tab character &.
l.87     Параметр &
                    x86-система & ARM-система \\
? 
Missing character: There is no с (U+0441) in font [lmroman10-regular]:mapping=t
ex-text;!
Missing character: There is no и (U+0438) in font [lmroman10-regular]:mapping=t
ex-text;!
Missing character: There is no с (U+0441) in font [lmroman10-regular]:mapping=t
ex-text;!
Missing character: There is no т (U+0442) in font [lmroman10-regular]:mapping=t
ex-text;!
Missing character: There is no е (U+0435) in font [lmroman10-regular]:mapping=t
ex-text;!
Missing character: There is no м (U+043C) in font [lmroman10-regular]:mapping=t
ex-text;!
Missing character: There is no а (U+0430) in font [lmroman10-regular]:mapping=t
ex-text;!
! Misplaced alignment tab character &.
l.87     Параметр & x86-система &
                                  ARM-система \\
? 
Missing character: There is no с (U+0441) in font [lmroman10-regular]:mapping=t
ex-text;!
Missing character: There is no и (U+0438) in font [lmroman10-regular]:mapping=t
ex-text;!
Missing character: There is no с (U+0441) in font [lmroman10-regular]:mapping=t
ex-text;!
Missing character: There is no т (U+0442) in font [lmroman10-regular]:mapping=t
ex-text;!
Missing character: There is no е (U+0435) in font [lmroman10-regular]:mapping=t
ex-text;!
Missing character: There is no м (U+043C) in font [lmroman10-regular]:mapping=t
ex-text;!
Missing character: There is no а (U+0430) in font [lmroman10-regular]:mapping=t
ex-text;!
! Misplaced \noalign.
\hline ->\noalign 
                  {\ifnum 0=`}\fi \hrule \@height \arrayrulewidth \futurelet...
l.88     \hline
               
? 
Missing character: There is no О (U+041E) in font [lmroman10-regular]:mapping=t
ex-text;!
Missing character: There is no п (U+043F) in font [lmroman10-regular]:mapping=t
ex-text;!
Missing character: There is no е (U+0435) in font [lmroman10-regular]:mapping=t
ex-text;!
Missing character: There is no р (U+0440) in font [lmroman10-regular]:mapping=t
ex-text;!
Missing character: There is no а (U+0430) in font [lmroman10-regular]:mapping=t
ex-text;!
Missing character: There is no ц (U+0446) in font [lmroman10-regular]:mapping=t
ex-text;!
Missing character: There is no и (U+0438) in font [lmroman10-regular]:mapping=t
ex-text;!
Missing character: There is no о (U+043E) in font [lmroman10-regular]:mapping=t
ex-text;!
Missing character: There is no н (U+043D) in font [lmroman10-regular]:mapping=t
ex-text;!
Missing character: There is no н (U+043D) in font [lmroman10-regular]:mapping=t
ex-text;!
Missing character: There is no а (U+0430) in font [lmroman10-regular]:mapping=t
ex-text;!
Missing character: There is no я (U+044F) in font [lmroman10-regular]:mapping=t
ex-text;!
Missing character: There is no с (U+0441) in font [lmroman10-regular]:mapping=t
ex-text;!
Missing character: There is no и (U+0438) in font [lmroman10-regular]:mapping=t
ex-text;!
Missing character: There is no с (U+0441) in font [lmroman10-regular]:mapping=t
ex-text;!
Missing character: There is no т (U+0442) in font [lmroman10-regular]:mapping=t
ex-text;!
Missing character: There is no е (U+0435) in font [lmroman10-regular]:mapping=t
ex-text;!
Missing character: There is no м (U+043C) in font [lmroman10-regular]:mapping=t
ex-text;!
Missing character: There is no а (U+0430) in font [lmroman10-regular]:mapping=t
ex-text;!
! Misplaced alignment tab character &.
l.89     Операционная система &
                                Ubuntu; выпуск уточнить & macOS 26 \\
? 
Missing character: There is no в (U+0432) in font [lmroman10-regular]:mapping=t
ex-text;!
Missing character: There is no ы (U+044B) in font [lmroman10-regular]:mapping=t
ex-text;!
Missing character: There is no п (U+043F) in font [lmroman10-regular]:mapping=t
ex-text;!
Missing character: There is no у (U+0443) in font [lmroman10-regular]:mapping=t
ex-text;!
Missing character: There is no с (U+0441) in font [lmroman10-regular]:mapping=t
ex-text;!
Missing character: There is no к (U+043A) in font [lmroman10-regular]:mapping=t
ex-text;!
Missing character: There is no у (U+0443) in font [lmroman10-regular]:mapping=t
ex-text;!
Missing character: There is no т (U+0442) in font [lmroman10-regular]:mapping=t
ex-text;!
Missing character: There is no о (U+043E) in font [lmroman10-regular]:mapping=t
ex-text;!
Missing character: There is no ч (U+0447) in font [lmroman10-regular]:mapping=t
ex-text;!
Missing character: There is no н (U+043D) in font [lmroman10-regular]:mapping=t
ex-text;!
Missing character: There is no и (U+0438) in font [lmroman10-regular]:mapping=t
ex-text;!
Missing character: There is no т (U+0442) in font [lmroman10-regular]:mapping=t
ex-text;!
Missing character: There is no ь (U+044C) in font [lmroman10-regular]:mapping=t
ex-text;!
! Misplaced alignment tab character &.
l.89 ...ионная система & Ubuntu; выпуск уточнить &
                                                   macOS 26 \\
? 
! Misplaced \noalign.
\hline ->\noalign 
                  {\ifnum 0=`}\fi \hrule \@height \arrayrulewidth \futurelet...
l.90     \hline
               
? 
Missing character: There is no В (U+0412) in font [lmroman10-regular]:mapping=t
ex-text;!
Missing character: There is no е (U+0435) in font [lmroman10-regular]:mapping=t
ex-text;!
Missing character: There is no р (U+0440) in font [lmroman10-regular]:mapping=t
ex-text;!
Missing character: There is no с (U+0441) in font [lmroman10-regular]:mapping=t
ex-text;!
Missing character: There is no и (U+0438) in font [lmroman10-regular]:mapping=t
ex-text;!
Missing character: There is no я (U+044F) in font [lmroman10-regular]:mapping=t
ex-text;!
Missing character: There is no я (U+044F) in font [lmroman10-regular]:mapping=t
ex-text;!
Missing character: There is no д (U+0434) in font [lmroman10-regular]:mapping=t
ex-text;!
Missing character: There is no р (U+0440) in font [lmroman10-regular]:mapping=t
ex-text;!
Missing character: There is no а (U+0430) in font [lmroman10-regular]:mapping=t
ex-text;!
! Misplaced alignment tab character &.
l.91     Версия ядра &
                       Версию Linux kernel записать & Версию Darwin/XNU запи...

? 
Missing character: There is no В (U+0412) in font [lmroman10-regular]:mapping=t
ex-text;!
Missing character: There is no е (U+0435) in font [lmroman10-regular]:mapping=t
ex-text;!
Missing character: There is no р (U+0440) in font [lmroman10-regular]:mapping=t
ex-text;!
Missing character: There is no с (U+0441) in font [lmroman10-regular]:mapping=t
ex-text;!
Missing character: There is no и (U+0438) in font [lmroman10-regular]:mapping=t
ex-text;!
Missing character: There is no ю (U+044E) in font [lmroman10-regular]:mapping=t
ex-text;!
Missing character: There is no з (U+0437) in font [lmroman10-regular]:mapping=t
ex-text;!
Missing character: There is no а (U+0430) in font [lmroman10-regular]:mapping=t
ex-text;!
Missing character: There is no п (U+043F) in font [lmroman10-regular]:mapping=t
ex-text;!
Missing character: There is no и (U+0438) in font [lmroman10-regular]:mapping=t
ex-text;!
Missing character: There is no с (U+0441) in font [lmroman10-regular]:mapping=t
ex-text;!
Missing character: There is no а (U+0430) in font [lmroman10-regular]:mapping=t
ex-text;!
Missing character: There is no т (U+0442) in font [lmroman10-regular]:mapping=t
ex-text;!
Missing character: There is no ь (U+044C) in font [lmroman10-regular]:mapping=t
ex-text;!
! Misplaced alignment tab character &.
l.91 ...рсия ядра & Версию Linux kernel записать &
                                                   Версию Darwin/XNU записат...

? 
Missing character: There is no В (U+0412) in font [lmroman10-regular]:mapping=t
ex-text;!
Missing character: There is no е (U+0435) in font [lmroman10-regular]:mapping=t
ex-text;!
Missing character: There is no р (U+0440) in font [lmroman10-regular]:mapping=t
ex-text;!
Missing character: There is no с (U+0441) in font [lmroman10-regular]:mapping=t
ex-text;!
Missing character: There is no и (U+0438) in font [lmroman10-regular]:mapping=t
ex-text;!
Missing character: There is no ю (U+044E) in font [lmroman10-regular]:mapping=t
ex-text;!
Missing character: There is no з (U+0437) in font [lmroman10-regular]:mapping=t
ex-text;!
Missing character: There is no а (U+0430) in font [lmroman10-regular]:mapping=t
ex-text;!
Missing character: There is no п (U+043F) in font [lmroman10-regular]:mapping=t
ex-text;!
Missing character: There is no и (U+0438) in font [lmroman10-regular]:mapping=t
ex-text;!
Missing character: There is no с (U+0441) in font [lmroman10-regular]:mapping=t
ex-text;!
Missing character: There is no а (U+0430) in font [lmroman10-regular]:mapping=t
ex-text;!
Missing character: There is no т (U+0442) in font [lmroman10-regular]:mapping=t
ex-text;!
Missing character: There is no ь (U+044C) in font [lmroman10-regular]:mapping=t
ex-text;!
! Misplaced \noalign.
\hline ->\noalign 
                  {\ifnum 0=`}\fi \hrule \@height \arrayrulewidth \futurelet...
l.92     \hline
               
? 
Missing character: There is no А (U+0410) in font [lmroman10-regular]:mapping=t
ex-text;!
Missing character: There is no р (U+0440) in font [lmroman10-regular]:mapping=t
ex-text;!
Missing character: There is no х (U+0445) in font [lmroman10-regular]:mapping=t
ex-text;!
Missing character: There is no и (U+0438) in font [lmroman10-regular]:mapping=t
ex-text;!
Missing character: There is no т (U+0442) in font [lmroman10-regular]:mapping=t
ex-text;!
Missing character: There is no е (U+0435) in font [lmroman10-regular]:mapping=t
ex-text;!
Missing character: There is no к (U+043A) in font [lmroman10-regular]:mapping=t
ex-text;!
Missing character: There is no т (U+0442) in font [lmroman10-regular]:mapping=t
ex-text;!
Missing character: There is no у (U+0443) in font [lmroman10-regular]:mapping=t
ex-text;!
Missing character: There is no р (U+0440) in font [lmroman10-regular]:mapping=t
ex-text;!
Missing character: There is no а (U+0430) in font [lmroman10-regular]:mapping=t
ex-text;!
Missing character: There is no п (U+043F) in font [lmroman10-regular]:mapping=t
ex-text;!
Missing character: There is no р (U+0440) in font [lmroman10-regular]:mapping=t
ex-text;!
Missing character: There is no о (U+043E) in font [lmroman10-regular]:mapping=t
ex-text;!
Missing character: There is no ц (U+0446) in font [lmroman10-regular]:mapping=t
ex-text;!
Missing character: There is no е (U+0435) in font [lmroman10-regular]:mapping=t
ex-text;!
Missing character: There is no с (U+0441) in font [lmroman10-regular]:mapping=t
ex-text;!
Missing character: There is no с (U+0441) in font [lmroman10-regular]:mapping=t
ex-text;!
Missing character: There is no а (U+0430) in font [lmroman10-regular]:mapping=t
ex-text;!
! Misplaced alignment tab character &.
l.93     Архитектура процесса &
                                x86-64 (Intel 64) & arm64 (AArch64) \\
? 
! Misplaced alignment tab character &.
l.93 ...Архитектура процесса & x86-64 (Intel 64) &
                                                   arm64 (AArch64) \\
? 
! Misplaced \noalign.
\hline ->\noalign 
                  {\ifnum 0=`}\fi \hrule \@height \arrayrulewidth \futurelet...
l.94     \hline
               
? 
Missing character: There is no В (U+0412) in font [lmroman10-regular]:mapping=t
ex-text;!
Missing character: There is no е (U+0435) in font [lmroman10-regular]:mapping=t
ex-text;!
Missing character: There is no р (U+0440) in font [lmroman10-regular]:mapping=t
ex-text;!
Missing character: There is no с (U+0441) in font [lmroman10-regular]:mapping=t
ex-text;!
Missing character: There is no и (U+0438) in font [lmroman10-regular]:mapping=t
ex-text;!
Missing character: There is no я (U+044F) in font [lmroman10-regular]:mapping=t
ex-text;!
! Misplaced alignment tab character &.
l.95     Версия Go &
                     Записать для каждого запуска & Записать для каждого зап...

? 
Missing character: There is no З (U+0417) in font [lmroman10-regular]:mapping=t
ex-text;!
Missing character: There is no а (U+0430) in font [lmroman10-regular]:mapping=t
ex-text;!
Missing character: There is no п (U+043F) in font [lmroman10-regular]:mapping=t
ex-text;!
Missing character: There is no и (U+0438) in font [lmroman10-regular]:mapping=t
ex-text;!
Missing character: There is no с (U+0441) in font [lmroman10-regular]:mapping=t
ex-text;!
Missing character: There is no а (U+0430) in font [lmroman10-regular]:mapping=t
ex-text;!
Missing character: There is no т (U+0442) in font [lmroman10-regular]:mapping=t
ex-text;!
Missing character: There is no ь (U+044C) in font [lmroman10-regular]:mapping=t
ex-text;!
Missing character: There is no д (U+0434) in font [lmroman10-regular]:mapping=t
ex-text;!
Missing character: There is no л (U+043B) in font [lmroman10-regular]:mapping=t
ex-text;!
Missing character: There is no я (U+044F) in font [lmroman10-regular]:mapping=t
ex-text;!
Missing character: There is no к (U+043A) in font [lmroman10-regular]:mapping=t
ex-text;!
Missing character: There is no а (U+0430) in font [lmroman10-regular]:mapping=t
ex-text;!
Missing character: There is no ж (U+0436) in font [lmroman10-regular]:mapping=t
ex-text;!
Missing character: There is no д (U+0434) in font [lmroman10-regular]:mapping=t
ex-text;!
Missing character: There is no о (U+043E) in font [lmroman10-regular]:mapping=t
ex-text;!
Missing character: There is no г (U+0433) in font [lmroman10-regular]:mapping=t
ex-text;!
Missing character: There is no о (U+043E) in font [lmroman10-regular]:mapping=t
ex-text;!
Missing character: There is no з (U+0437) in font [lmroman10-regular]:mapping=t
ex-text;!
Missing character: There is no а (U+0430) in font [lmroman10-regular]:mapping=t
ex-text;!
Missing character: There is no п (U+043F) in font [lmroman10-regular]:mapping=t
ex-text;!
Missing character: There is no у (U+0443) in font [lmroman10-regular]:mapping=t
ex-text;!
Missing character: There is no с (U+0441) in font [lmroman10-regular]:mapping=t
ex-text;!
Missing character: There is no к (U+043A) in font [lmroman10-regular]:mapping=t
ex-text;!
Missing character: There is no а (U+0430) in font [lmroman10-regular]:mapping=t
ex-text;!
! Misplaced alignment tab character &.
l.95 ...Версия Go & Записать для каждого запуска &
                                                   Записать для каждого запу...

? 
Missing character: There is no З (U+0417) in font [lmroman10-regular]:mapping=t
ex-text;!
Missing character: There is no а (U+0430) in font [lmroman10-regular]:mapping=t
ex-text;!
Missing character: There is no п (U+043F) in font [lmroman10-regular]:mapping=t
ex-text;!
Missing character: There is no и (U+0438) in font [lmroman10-regular]:mapping=t
ex-text;!
Missing character: There is no с (U+0441) in font [lmroman10-regular]:mapping=t
ex-text;!
Missing character: There is no а (U+0430) in font [lmroman10-regular]:mapping=t
ex-text;!
Missing character: There is no т (U+0442) in font [lmroman10-regular]:mapping=t
ex-text;!
Missing character: There is no ь (U+044C) in font [lmroman10-regular]:mapping=t
ex-text;!
Missing character: There is no д (U+0434) in font [lmroman10-regular]:mapping=t
ex-text;!
Missing character: There is no л (U+043B) in font [lmroman10-regular]:mapping=t
ex-text;!
Missing character: There is no я (U+044F) in font [lmroman10-regular]:mapping=t
ex-text;!
Missing character: There is no к (U+043A) in font [lmroman10-regular]:mapping=t
ex-text;!
Missing character: There is no а (U+0430) in font [lmroman10-regular]:mapping=t
ex-text;!
Missing character: There is no ж (U+0436) in font [lmroman10-regular]:mapping=t
ex-text;!
Missing character: There is no д (U+0434) in font [lmroman10-regular]:mapping=t
ex-text;!
Missing character: There is no о (U+043E) in font [lmroman10-regular]:mapping=t
ex-text;!
Missing character: There is no г (U+0433) in font [lmroman10-regular]:mapping=t
ex-text;!
Missing character: There is no о (U+043E) in font [lmroman10-regular]:mapping=t
ex-text;!
Missing character: There is no з (U+0437) in font [lmroman10-regular]:mapping=t
ex-text;!
Missing character: There is no а (U+0430) in font [lmroman10-regular]:mapping=t
ex-text;!
Missing character: There is no п (U+043F) in font [lmroman10-regular]:mapping=t
ex-text;!
Missing character: There is no у (U+0443) in font [lmroman10-regular]:mapping=t
ex-text;!
Missing character: There is no с (U+0441) in font [lmroman10-regular]:mapping=t
ex-text;!
Missing character: There is no к (U+043A) in font [lmroman10-regular]:mapping=t
ex-text;!
Missing character: There is no а (U+0430) in font [lmroman10-regular]:mapping=t
ex-text;!
! Misplaced \noalign.
\hline ->\noalign 
                  {\ifnum 0=`}\fi \hrule \@height \arrayrulewidth \futurelet...
l.96     \hline
               
? 
Missing character: There is no П (U+041F) in font [lmroman10-regular]:mapping=t
ex-text;!
Missing character: There is no а (U+0430) in font [lmroman10-regular]:mapping=t
ex-text;!
Missing character: There is no р (U+0440) in font [lmroman10-regular]:mapping=t
ex-text;!
Missing character: There is no а (U+0430) in font [lmroman10-regular]:mapping=t
ex-text;!
Missing character: There is no м (U+043C) in font [lmroman10-regular]:mapping=t
ex-text;!
Missing character: There is no е (U+0435) in font [lmroman10-regular]:mapping=t
ex-text;!
Missing character: There is no т (U+0442) in font [lmroman10-regular]:mapping=t
ex-text;!
Missing character: There is no р (U+0440) in font [lmroman10-regular]:mapping=t
ex-text;!
Missing character: There is no п (U+043F) in font [lmroman10-regular]:mapping=t
ex-text;!
Missing character: There is no а (U+0430) in font [lmroman10-regular]:mapping=t
ex-text;!
Missing character: There is no р (U+0440) in font [lmroman10-regular]:mapping=t
ex-text;!
Missing character: There is no а (U+0430) in font [lmroman10-regular]:mapping=t
ex-text;!
Missing character: There is no л (U+043B) in font [lmroman10-regular]:mapping=t
ex-text;!
Missing character: There is no л (U+043B) in font [lmroman10-regular]:mapping=t
ex-text;!
Missing character: There is no е (U+0435) in font [lmroman10-regular]:mapping=t
ex-text;!
Missing character: There is no л (U+043B) in font [lmroman10-regular]:mapping=t
ex-text;!
Missing character: There is no и (U+0438) in font [lmroman10-regular]:mapping=t
ex-text;!
Missing character: There is no з (U+0437) in font [lmroman10-regular]:mapping=t
ex-text;!
Missing character: There is no м (U+043C) in font [lmroman10-regular]:mapping=t
ex-text;!
Missing character: There is no а (U+0430) in font [lmroman10-regular]:mapping=t
ex-text;!
! Misplaced alignment tab character &.
l.97     Параметр параллелизма &
                                 Зафиксировать значение \texttt{GOMAXPROCS} ...

? 
Missing character: There is no З (U+0417) in font [lmroman10-regular]:mapping=t
ex-text;!
Missing character: There is no а (U+0430) in font [lmroman10-regular]:mapping=t
ex-text;!
Missing character: There is no ф (U+0444) in font [lmroman10-regular]:mapping=t
ex-text;!
Missing character: There is no и (U+0438) in font [lmroman10-regular]:mapping=t
ex-text;!
Missing character: There is no к (U+043A) in font [lmroman10-regular]:mapping=t
ex-text;!
Missing character: There is no с (U+0441) in font [lmroman10-regular]:mapping=t
ex-text;!
Missing character: There is no и (U+0438) in font [lmroman10-regular]:mapping=t
ex-text;!
Missing character: There is no р (U+0440) in font [lmroman10-regular]:mapping=t
ex-text;!
Missing character: There is no о (U+043E) in font [lmroman10-regular]:mapping=t
ex-text;!
Missing character: There is no в (U+0432) in font [lmroman10-regular]:mapping=t
ex-text;!
Missing character: There is no а (U+0430) in font [lmroman10-regular]:mapping=t
ex-text;!
Missing character: There is no т (U+0442) in font [lmroman10-regular]:mapping=t
ex-text;!
Missing character: There is no ь (U+044C) in font [lmroman10-regular]:mapping=t
ex-text;!
Missing character: There is no з (U+0437) in font [lmroman10-regular]:mapping=t
ex-text;!
Missing character: There is no н (U+043D) in font [lmroman10-regular]:mapping=t
ex-text;!
Missing character: There is no а (U+0430) in font [lmroman10-regular]:mapping=t
ex-text;!
Missing character: There is no ч (U+0447) in font [lmroman10-regular]:mapping=t
ex-text;!
Missing character: There is no е (U+0435) in font [lmroman10-regular]:mapping=t
ex-text;!
Missing character: There is no н (U+043D) in font [lmroman10-regular]:mapping=t
ex-text;!
Missing character: There is no и (U+0438) in font [lmroman10-regular]:mapping=t
ex-text;!
Missing character: There is no е (U+0435) in font [lmroman10-regular]:mapping=t
ex-text;!
! Misplaced alignment tab character &.
l.97 ...фиксировать значение \texttt{GOMAXPROCS} &
                                                   Зафиксировать значение
? 
Missing character: There is no З (U+0417) in font [lmroman10-regular]:mapping=t
ex-text;!
Missing character: There is no а (U+0430) in font [lmroman10-regular]:mapping=t
ex-text;!
Missing character: There is no ф (U+0444) in font [lmroman10-regular]:mapping=t
ex-text;!
Missing character: There is no и (U+0438) in font [lmroman10-regular]:mapping=t
ex-text;!
Missing character: There is no к (U+043A) in font [lmroman10-regular]:mapping=t
ex-text;!
Missing character: There is no с (U+0441) in font [lmroman10-regular]:mapping=t
ex-text;!
Missing character: There is no и (U+0438) in font [lmroman10-regular]:mapping=t
ex-text;!
Missing character: There is no р (U+0440) in font [lmroman10-regular]:mapping=t
ex-text;!
Missing character: There is no о (U+043E) in font [lmroman10-regular]:mapping=t
ex-text;!
Missing character: There is no в (U+0432) in font [lmroman10-regular]:mapping=t
ex-text;!
Missing character: There is no а (U+0430) in font [lmroman10-regular]:mapping=t
ex-text;!
Missing character: There is no т (U+0442) in font [lmroman10-regular]:mapping=t
ex-text;!
Missing character: There is no ь (U+044C) in font [lmroman10-regular]:mapping=t
ex-text;!
Missing character: There is no з (U+0437) in font [lmroman10-regular]:mapping=t
ex-text;!
Missing character: There is no н (U+043D) in font [lmroman10-regular]:mapping=t
ex-text;!
Missing character: There is no а (U+0430) in font [lmroman10-regular]:mapping=t
ex-text;!
Missing character: There is no ч (U+0447) in font [lmroman10-regular]:mapping=t
ex-text;!
Missing character: There is no е (U+0435) in font [lmroman10-regular]:mapping=t
ex-text;!
Missing character: There is no н (U+043D) in font [lmroman10-regular]:mapping=t
ex-text;!
Missing character: There is no и (U+0438) in font [lmroman10-regular]:mapping=t
ex-text;!
Missing character: There is no е (U+0435) in font [lmroman10-regular]:mapping=t
ex-text;!
! Misplaced \noalign.
\hline ->\noalign 
                  {\ifnum 0=`}\fi \hrule \@height \arrayrulewidth \futurelet...
l.99     \hline
               
? 
Missing character: There is no Р (U+0420) in font [lmroman10-regular]:mapping=t
ex-text;!
Missing character: There is no е (U+0435) in font [lmroman10-regular]:mapping=t
ex-text;!
Missing character: There is no ж (U+0436) in font [lmroman10-regular]:mapping=t
ex-text;!
Missing character: There is no и (U+0438) in font [lmroman10-regular]:mapping=t
ex-text;!
Missing character: There is no м (U+043C) in font [lmroman10-regular]:mapping=t
ex-text;!
Missing character: There is no и (U+0438) in font [lmroman10-regular]:mapping=t
ex-text;!
Missing character: There is no с (U+0441) in font [lmroman10-regular]:mapping=t
ex-text;!
Missing character: There is no п (U+043F) in font [lmroman10-regular]:mapping=t
ex-text;!
Missing character: There is no о (U+043E) in font [lmroman10-regular]:mapping=t
ex-text;!
Missing character: There is no л (U+043B) in font [lmroman10-regular]:mapping=t
ex-text;!
Missing character: There is no н (U+043D) in font [lmroman10-regular]:mapping=t
ex-text;!
Missing character: There is no е (U+0435) in font [lmroman10-regular]:mapping=t
ex-text;!
Missing character: There is no н (U+043D) in font [lmroman10-regular]:mapping=t
ex-text;!
Missing character: There is no и (U+0438) in font [lmroman10-regular]:mapping=t
ex-text;!
Missing character: There is no я (U+044F) in font [lmroman10-regular]:mapping=t
ex-text;!
! Misplaced alignment tab character &.
l.100     Режим исполнения &
                             Нативная сборка x86-64 & Нативная сборка arm64;...

? 
Missing character: There is no Н (U+041D) in font [lmroman10-regular]:mapping=t
ex-text;!
Missing character: There is no а (U+0430) in font [lmroman10-regular]:mapping=t
ex-text;!
Missing character: There is no т (U+0442) in font [lmroman10-regular]:mapping=t
ex-text;!
Missing character: There is no и (U+0438) in font [lmroman10-regular]:mapping=t
ex-text;!
Missing character: There is no в (U+0432) in font [lmroman10-regular]:mapping=t
ex-text;!
Missing character: There is no н (U+043D) in font [lmroman10-regular]:mapping=t
ex-text;!
Missing character: There is no а (U+0430) in font [lmroman10-regular]:mapping=t
ex-text;!
Missing character: There is no я (U+044F) in font [lmroman10-regular]:mapping=t
ex-text;!
Missing character: There is no с (U+0441) in font [lmroman10-regular]:mapping=t
ex-text;!
Missing character: There is no б (U+0431) in font [lmroman10-regular]:mapping=t
ex-text;!
Missing character: There is no о (U+043E) in font [lmroman10-regular]:mapping=t
ex-text;!
Missing character: There is no р (U+0440) in font [lmroman10-regular]:mapping=t
ex-text;!
Missing character: There is no к (U+043A) in font [lmroman10-regular]:mapping=t
ex-text;!
Missing character: There is no а (U+0430) in font [lmroman10-regular]:mapping=t
ex-text;!
! Misplaced alignment tab character &.
l.100 ...жим исполнения & Нативная сборка x86-64 &
                                                   Нативная сборка arm64; ис...

? 
Missing character: There is no Н (U+041D) in font [lmroman10-regular]:mapping=t
ex-text;!
Missing character: There is no а (U+0430) in font [lmroman10-regular]:mapping=t
ex-text;!
Missing character: There is no т (U+0442) in font [lmroman10-regular]:mapping=t
ex-text;!
Missing character: There is no и (U+0438) in font [lmroman10-regular]:mapping=t
ex-text;!
Missing character: There is no в (U+0432) in font [lmroman10-regular]:mapping=t
ex-text;!
Missing character: There is no н (U+043D) in font [lmroman10-regular]:mapping=t
ex-text;!
Missing character: There is no а (U+0430) in font [lmroman10-regular]:mapping=t
ex-text;!
Missing character: There is no я (U+044F) in font [lmroman10-regular]:mapping=t
ex-text;!
Missing character: There is no с (U+0441) in font [lmroman10-regular]:mapping=t
ex-text;!
Missing character: There is no б (U+0431) in font [lmroman10-regular]:mapping=t
ex-text;!
Missing character: There is no о (U+043E) in font [lmroman10-regular]:mapping=t
ex-text;!
Missing character: There is no р (U+0440) in font [lmroman10-regular]:mapping=t
ex-text;!
Missing character: There is no к (U+043A) in font [lmroman10-regular]:mapping=t
ex-text;!
Missing character: There is no а (U+0430) in font [lmroman10-regular]:mapping=t
ex-text;!
Missing character: There is no и (U+0438) in font [lmroman10-regular]:mapping=t
ex-text;!
Missing character: There is no с (U+0441) in font [lmroman10-regular]:mapping=t
ex-text;!
Missing character: There is no к (U+043A) in font [lmroman10-regular]:mapping=t
ex-text;!
Missing character: There is no л (U+043B) in font [lmroman10-regular]:mapping=t
ex-text;!
Missing character: There is no ю (U+044E) in font [lmroman10-regular]:mapping=t
ex-text;!
Missing character: There is no ч (U+0447) in font [lmroman10-regular]:mapping=t
ex-text;!
Missing character: There is no и (U+0438) in font [lmroman10-regular]:mapping=t
ex-text;!
Missing character: There is no т (U+0442) in font [lmroman10-regular]:mapping=t
ex-text;!
Missing character: There is no ь (U+044C) in font [lmroman10-regular]:mapping=t
ex-text;!
Missing character: There is no з (U+0437) in font [lmroman10-regular]:mapping=t
ex-text;!
Missing character: There is no а (U+0430) in font [lmroman10-regular]:mapping=t
ex-text;!
Missing character: There is no п (U+043F) in font [lmroman10-regular]:mapping=t
ex-text;!
Missing character: There is no у (U+0443) in font [lmroman10-regular]:mapping=t
ex-text;!
Missing character: There is no с (U+0441) in font [lmroman10-regular]:mapping=t
ex-text;!
Missing character: There is no к (U+043A) in font [lmroman10-regular]:mapping=t
ex-text;!
Missing character: There is no ч (U+0447) in font [lmroman10-regular]:mapping=t
ex-text;!
Missing character: There is no е (U+0435) in font [lmroman10-regular]:mapping=t
ex-text;!
Missing character: There is no р (U+0440) in font [lmroman10-regular]:mapping=t
ex-text;!
Missing character: There is no е (U+0435) in font [lmroman10-regular]:mapping=t
ex-text;!
Missing character: There is no з (U+0437) in font [lmroman10-regular]:mapping=t
ex-text;!
! Misplaced \noalign.
\hline ->\noalign 
                  {\ifnum 0=`}\fi \hrule \@height \arrayrulewidth \futurelet...
l.101     \hline
                
? 

! LaTeX Error: \begin{document} ended by \end{tabularx}.

See the LaTeX manual or LaTeX Companion for explanation.
Type  H <return>  for immediate help.
 ...                                              
                                                  
l.102   \end{tabularx}
                      
? 

! LaTeX Error: \begin{document} ended by \end{table}.

See the LaTeX manual or LaTeX Companion for explanation.
Type  H <return>  for immediate help.
 ...                                              
                                                  
l.103 \end{table}
                 
? 
Missing character: There is no С (U+0421) in font [lmroman10-regular]:mapping=t
ex-text;!
Missing character: There is no р (U+0440) in font [lmroman10-regular]:mapping=t
ex-text;!
Missing character: There is no а (U+0430) in font [lmroman10-regular]:mapping=t
ex-text;!
Missing character: There is no в (U+0432) in font [lmroman10-regular]:mapping=t
ex-text;!
Missing character: There is no н (U+043D) in font [lmroman10-regular]:mapping=t
ex-text;!
Missing character: There is no е (U+0435) in font [lmroman10-regular]:mapping=t
ex-text;!
Missing character: There is no н (U+043D) in font [lmroman10-regular]:mapping=t
ex-text;!
Missing character: There is no и (U+0438) in font [lmroman10-regular]:mapping=t
ex-text;!
Missing character: There is no е (U+0435) in font [lmroman10-regular]:mapping=t
ex-text;!
Missing character: There is no и (U+0438) in font [lmroman10-regular]:mapping=t
ex-text;!
Missing character: There is no с (U+0441) in font [lmroman10-regular]:mapping=t
ex-text;!
Missing character: There is no н (U+043D) in font [lmroman10-regular]:mapping=t
ex-text;!
Missing character: There is no а (U+0430) in font [lmroman10-regular]:mapping=t
ex-text;!
Missing character: There is no ч (U+0447) in font [lmroman10-regular]:mapping=t
ex-text;!
Missing character: There is no а (U+0430) in font [lmroman10-regular]:mapping=t
ex-text;!
Missing character: There is no л (U+043B) in font [lmroman10-regular]:mapping=t
ex-text;!
Missing character: There is no а (U+0430) in font [lmroman10-regular]:mapping=t
ex-text;!
Missing character: There is no п (U+043F) in font [lmroman10-regular]:mapping=t
ex-text;!
Missing character: There is no р (U+0440) in font [lmroman10-regular]:mapping=t
ex-text;!
Missing character: There is no о (U+043E) in font [lmroman10-regular]:mapping=t
ex-text;!
Missing character: There is no в (U+0432) in font [lmroman10-regular]:mapping=t
ex-text;!
Missing character: There is no о (U+043E) in font [lmroman10-regular]:mapping=t
ex-text;!
Missing character: There is no д (U+0434) in font [lmroman10-regular]:mapping=t
ex-text;!
Missing character: There is no и (U+0438) in font [lmroman10-regular]:mapping=t
ex-text;!
Missing character: There is no т (U+0442) in font [lmroman10-regular]:mapping=t
ex-text;!
Missing character: There is no с (U+0441) in font [lmroman10-regular]:mapping=t
ex-text;!
Missing character: There is no я (U+044F) in font [lmroman10-regular]:mapping=t
ex-text;!
Missing character: There is no в (U+0432) in font [lmroman10-regular]:mapping=t
ex-text;!
Missing character: There is no п (U+043F) in font [lmroman10-regular]:mapping=t
ex-text;!
Missing character: There is no р (U+0440) in font [lmroman10-regular]:mapping=t
ex-text;!
Missing character: There is no е (U+0435) in font [lmroman10-regular]:mapping=t
ex-text;!
Missing character: There is no д (U+0434) in font [lmroman10-regular]:mapping=t
ex-text;!
Missing character: There is no е (U+0435) in font [lmroman10-regular]:mapping=t
ex-text;!
Missing character: There is no л (U+043B) in font [lmroman10-regular]:mapping=t
ex-text;!
Missing character: There is no а (U+0430) in font [lmroman10-regular]:mapping=t
ex-text;!
Missing character: There is no х (U+0445) in font [lmroman10-regular]:mapping=t
ex-text;!
Missing character: There is no к (U+043A) in font [lmroman10-regular]:mapping=t
ex-text;!
Missing character: There is no а (U+0430) in font [lmroman10-regular]:mapping=t
ex-text;!
Missing character: There is no ж (U+0436) in font [lmroman10-regular]:mapping=t
ex-text;!
Missing character: There is no д (U+0434) in font [lmroman10-regular]:mapping=t
ex-text;!
Missing character: There is no о (U+043E) in font [lmroman10-regular]:mapping=t
ex-text;!
Missing character: There is no й (U+0439) in font [lmroman10-regular]:mapping=t
ex-text;!
Missing character: There is no м (U+043C) in font [lmroman10-regular]:mapping=t
ex-text;!
Missing character: There is no а (U+0430) in font [lmroman10-regular]:mapping=t
ex-text;!
Missing character: There is no ш (U+0448) in font [lmroman10-regular]:mapping=t
ex-text;!
Missing character: There is no и (U+0438) in font [lmroman10-regular]:mapping=t
ex-text;!
Missing character: There is no н (U+043D) in font [lmroman10-regular]:mapping=t
ex-text;!
Missing character: There is no ы (U+044B) in font [lmroman10-regular]:mapping=t
ex-text;!
Missing character: There is no п (U+043F) in font [lmroman10-regular]:mapping=t
ex-text;!
Missing character: There is no р (U+0440) in font [lmroman10-regular]:mapping=t
ex-text;!
Missing character: There is no и (U+0438) in font [lmroman10-regular]:mapping=t
ex-text;!
Missing character: There is no о (U+043E) in font [lmroman10-regular]:mapping=t
ex-text;!
Missing character: There is no д (U+0434) in font [lmroman10-regular]:mapping=t
ex-text;!
Missing character: There is no и (U+0438) in font [lmroman10-regular]:mapping=t
ex-text;!
Missing character: There is no н (U+043D) in font [lmroman10-regular]:mapping=t
ex-text;!
Missing character: There is no а (U+0430) in font [lmroman10-regular]:mapping=t
ex-text;!
Missing character: There is no к (U+043A) in font [lmroman10-regular]:mapping=t
ex-text;!
Missing character: There is no о (U+043E) in font [lmroman10-regular]:mapping=t
ex-text;!
Missing character: There is no в (U+0432) in font [lmroman10-regular]:mapping=t
ex-text;!
Missing character: There is no о (U+043E) in font [lmroman10-regular]:mapping=t
ex-text;!
Missing character: There is no й (U+0439) in font [lmroman10-regular]:mapping=t
ex-text;!
Missing character: There is no О (U+041E) in font [lmroman10-regular]:mapping=t
ex-text;!
Missing character: There is no С (U+0421) in font [lmroman10-regular]:mapping=t
ex-text;!
Missing character: There is no в (U+0432) in font [lmroman10-regular]:mapping=t
ex-text;!
Missing character: There is no е (U+0435) in font [lmroman10-regular]:mapping=t
ex-text;!
Missing character: There is no р (U+0440) in font [lmroman10-regular]:mapping=t
ex-text;!
Missing character: There is no с (U+0441) in font [lmroman10-regular]:mapping=t
ex-text;!
Missing character: There is no и (U+0438) in font [lmroman10-regular]:mapping=t
ex-text;!
Missing character: There is no и (U+0438) in font [lmroman10-regular]:mapping=t
ex-text;!
Missing character: There is no и (U+0438) in font [lmroman10-regular]:mapping=t
ex-text;!
Missing character: There is no п (U+043F) in font [lmroman10-regular]:mapping=t
ex-text;!
Missing character: There is no а (U+0430) in font [lmroman10-regular]:mapping=t
ex-text;!
Missing character: There is no р (U+0440) in font [lmroman10-regular]:mapping=t
ex-text;!
Missing character: There is no а (U+0430) in font [lmroman10-regular]:mapping=t
ex-text;!
Missing character: There is no м (U+043C) in font [lmroman10-regular]:mapping=t
ex-text;!
Missing character: There is no е (U+0435) in font [lmroman10-regular]:mapping=t
ex-text;!
Missing character: There is no т (U+0442) in font [lmroman10-regular]:mapping=t
ex-text;!
Missing character: There is no р (U+0440) in font [lmroman10-regular]:mapping=t
ex-text;!
Missing character: There is no а (U+0430) in font [lmroman10-regular]:mapping=t
ex-text;!
Missing character: There is no х (U+0445) in font [lmroman10-regular]:mapping=t
ex-text;!
Missing character: There is no п (U+043F) in font [lmroman10-regular]:mapping=t
ex-text;!
Missing character: There is no р (U+0440) in font [lmroman10-regular]:mapping=t
ex-text;!
Missing character: There is no о (U+043E) in font [lmroman10-regular]:mapping=t
ex-text;!
Missing character: There is no г (U+0433) in font [lmroman10-regular]:mapping=t
ex-text;!
Missing character: There is no р (U+0440) in font [lmroman10-regular]:mapping=t
ex-text;!
Missing character: There is no а (U+0430) in font [lmroman10-regular]:mapping=t
ex-text;!
Missing character: There is no м (U+043C) in font [lmroman10-regular]:mapping=t
ex-text;!
Missing character: There is no м (U+043C) in font [lmroman10-regular]:mapping=t
ex-text;!
Missing character: There is no ы (U+044B) in font [lmroman10-regular]:mapping=t
ex-text;!
Missing character: There is no З (U+0417) in font [lmroman10-regular]:mapping=t
ex-text;!
Missing character: There is no а (U+0430) in font [lmroman10-regular]:mapping=t
ex-text;!
Missing character: There is no т (U+0442) in font [lmroman10-regular]:mapping=t
ex-text;!
Missing character: There is no е (U+0435) in font [lmroman10-regular]:mapping=t
ex-text;!
Missing character: There is no м (U+043C) in font [lmroman10-regular]:mapping=t
ex-text;!
Missing character: There is no с (U+0441) in font [lmroman10-regular]:mapping=t
ex-text;!
Missing character: There is no о (U+043E) in font [lmroman10-regular]:mapping=t
ex-text;!
Missing character: There is no п (U+043F) in font [lmroman10-regular]:mapping=t
ex-text;!
Missing character: There is no о (U+043E) in font [lmroman10-regular]:mapping=t
ex-text;!
Missing character: There is no с (U+0441) in font [lmroman10-regular]:mapping=t
ex-text;!
Missing character: There is no т (U+0442) in font [lmroman10-regular]:mapping=t
ex-text;!
Missing character: There is no а (U+0430) in font [lmroman10-regular]:mapping=t
ex-text;!
Missing character: There is no в (U+0432) in font [lmroman10-regular]:mapping=t
ex-text;!
Missing character: There is no л (U+043B) in font [lmroman10-regular]:mapping=t
ex-text;!
Missing character: There is no я (U+044F) in font [lmroman10-regular]:mapping=t
ex-text;!
Missing character: There is no ю (U+044E) in font [lmroman10-regular]:mapping=t
ex-text;!
Missing character: There is no т (U+0442) in font [lmroman10-regular]:mapping=t
ex-text;!
Missing character: There is no с (U+0441) in font [lmroman10-regular]:mapping=t
ex-text;!
Missing character: There is no я (U+044F) in font [lmroman10-regular]:mapping=t
ex-text;!
Missing character: There is no р (U+0440) in font [lmroman10-regular]:mapping=t
ex-text;!
Missing character: There is no е (U+0435) in font [lmroman10-regular]:mapping=t
ex-text;!
Missing character: There is no з (U+0437) in font [lmroman10-regular]:mapping=t
ex-text;!
Missing character: There is no у (U+0443) in font [lmroman10-regular]:mapping=t
ex-text;!
Missing character: There is no л (U+043B) in font [lmroman10-regular]:mapping=t
ex-text;!
Missing character: There is no ь (U+044C) in font [lmroman10-regular]:mapping=t
ex-text;!
Missing character: There is no т (U+0442) in font [lmroman10-regular]:mapping=t
ex-text;!
Missing character: There is no а (U+0430) in font [lmroman10-regular]:mapping=t
ex-text;!
Missing character: There is no т (U+0442) in font [lmroman10-regular]:mapping=t
ex-text;!
Missing character: There is no ы (U+044B) in font [lmroman10-regular]:mapping=t
ex-text;!
Missing character: There is no и (U+0438) in font [lmroman10-regular]:mapping=t
ex-text;!
Missing character: There is no с (U+0441) in font [lmroman10-regular]:mapping=t
ex-text;!
Missing character: There is no и (U+0438) in font [lmroman10-regular]:mapping=t
ex-text;!
Missing character: There is no с (U+0441) in font [lmroman10-regular]:mapping=t
ex-text;!
Missing character: There is no т (U+0442) in font [lmroman10-regular]:mapping=t
ex-text;!
Missing character: There is no е (U+0435) in font [lmroman10-regular]:mapping=t
ex-text;!
Missing character: There is no м (U+043C) in font [lmroman10-regular]:mapping=t
ex-text;!
Missing character: There is no Т (U+0422) in font [lmroman10-regular]:mapping=t
ex-text;!
Missing character: There is no а (U+0430) in font [lmroman10-regular]:mapping=t
ex-text;!
Missing character: There is no к (U+043A) in font [lmroman10-regular]:mapping=t
ex-text;!
Missing character: There is no о (U+043E) in font [lmroman10-regular]:mapping=t
ex-text;!
Missing character: There is no е (U+0435) in font [lmroman10-regular]:mapping=t
ex-text;!
Missing character: There is no с (U+0441) in font [lmroman10-regular]:mapping=t
ex-text;!
Missing character: There is no р (U+0440) in font [lmroman10-regular]:mapping=t
ex-text;!
Missing character: There is no а (U+0430) in font [lmroman10-regular]:mapping=t
ex-text;!
Missing character: There is no в (U+0432) in font [lmroman10-regular]:mapping=t
ex-text;!
Missing character: There is no н (U+043D) in font [lmroman10-regular]:mapping=t
ex-text;!
Missing character: There is no е (U+0435) in font [lmroman10-regular]:mapping=t
ex-text;!
Missing character: There is no н (U+043D) in font [lmroman10-regular]:mapping=t
ex-text;!
Missing character: There is no и (U+0438) in font [lmroman10-regular]:mapping=t
ex-text;!
Missing character: There is no е (U+0435) in font [lmroman10-regular]:mapping=t
ex-text;!
Missing character: There is no п (U+043F) in font [lmroman10-regular]:mapping=t
ex-text;!
Missing character: There is no о (U+043E) in font [lmroman10-regular]:mapping=t
ex-text;!
Missing character: There is no к (U+043A) in font [lmroman10-regular]:mapping=t
ex-text;!
Missing character: There is no а (U+0430) in font [lmroman10-regular]:mapping=t
ex-text;!
Missing character: There is no з (U+0437) in font [lmroman10-regular]:mapping=t
ex-text;!
Missing character: There is no ы (U+044B) in font [lmroman10-regular]:mapping=t
ex-text;!
Missing character: There is no в (U+0432) in font [lmroman10-regular]:mapping=t
ex-text;!
Missing character: There is no а (U+0430) in font [lmroman10-regular]:mapping=t
ex-text;!
Missing character: There is no е (U+0435) in font [lmroman10-regular]:mapping=t
ex-text;!
Missing character: There is no т (U+0442) in font [lmroman10-regular]:mapping=t
ex-text;!
Missing character: There is no п (U+043F) in font [lmroman10-regular]:mapping=t
ex-text;!
Missing character: There is no о (U+043E) in font [lmroman10-regular]:mapping=t
ex-text;!
Missing character: There is no в (U+0432) in font [lmroman10-regular]:mapping=t
ex-text;!
Missing character: There is no е (U+0435) in font [lmroman10-regular]:mapping=t
ex-text;!
Missing character: There is no д (U+0434) in font [lmroman10-regular]:mapping=t
ex-text;!
Missing character: There is no е (U+0435) in font [lmroman10-regular]:mapping=t
ex-text;!
Missing character: There is no н (U+043D) in font [lmroman10-regular]:mapping=t
ex-text;!
Missing character: There is no и (U+0438) in font [lmroman10-regular]:mapping=t
ex-text;!
Missing character: There is no е (U+0435) in font [lmroman10-regular]:mapping=t
ex-text;!
Missing character: There is no н (U+043D) in font [lmroman10-regular]:mapping=t
ex-text;!
Missing character: There is no а (U+0430) in font [lmroman10-regular]:mapping=t
ex-text;!
Missing character: There is no в (U+0432) in font [lmroman10-regular]:mapping=t
ex-text;!
Missing character: There is no ы (U+044B) in font [lmroman10-regular]:mapping=t
ex-text;!
Missing character: There is no б (U+0431) in font [lmroman10-regular]:mapping=t
ex-text;!
Missing character: There is no р (U+0440) in font [lmroman10-regular]:mapping=t
ex-text;!
Missing character: There is no а (U+0430) in font [lmroman10-regular]:mapping=t
ex-text;!
Missing character: There is no н (U+043D) in font [lmroman10-regular]:mapping=t
ex-text;!
Missing character: There is no н (U+043D) in font [lmroman10-regular]:mapping=t
ex-text;!
Missing character: There is no ы (U+044B) in font [lmroman10-regular]:mapping=t
ex-text;!
Missing character: There is no х (U+0445) in font [lmroman10-regular]:mapping=t
ex-text;!
Missing character: There is no п (U+043F) in font [lmroman10-regular]:mapping=t
ex-text;!
Missing character: There is no л (U+043B) in font [lmroman10-regular]:mapping=t
ex-text;!
Missing character: There is no а (U+0430) in font [lmroman10-regular]:mapping=t
ex-text;!
Missing character: There is no т (U+0442) in font [lmroman10-regular]:mapping=t
ex-text;!
Missing character: There is no ф (U+0444) in font [lmroman10-regular]:mapping=t
ex-text;!
Missing character: There is no о (U+043E) in font [lmroman10-regular]:mapping=t
ex-text;!
Missing character: There is no р (U+0440) in font [lmroman10-regular]:mapping=t
ex-text;!
Missing character: There is no м (U+043C) in font [lmroman10-regular]:mapping=t
ex-text;!
Missing character: There is no а (U+0430) in font [lmroman10-regular]:mapping=t
ex-text;!
Missing character: There is no х (U+0445) in font [lmroman10-regular]:mapping=t
ex-text;!
Missing character: There is no н (U+043D) in font [lmroman10-regular]:mapping=t
ex-text;!
Missing character: There is no о (U+043E) in font [lmroman10-regular]:mapping=t
ex-text;!
Missing character: There is no с (U+0441) in font [lmroman10-regular]:mapping=t
ex-text;!
Missing character: There is no а (U+0430) in font [lmroman10-regular]:mapping=t
ex-text;!
Missing character: There is no м (U+043C) in font [lmroman10-regular]:mapping=t
ex-text;!
Missing character: There is no о (U+043E) in font [lmroman10-regular]:mapping=t
ex-text;!
Missing character: There is no п (U+043F) in font [lmroman10-regular]:mapping=t
ex-text;!
Missing character: There is no о (U+043E) in font [lmroman10-regular]:mapping=t
ex-text;!
Missing character: There is no с (U+0441) in font [lmroman10-regular]:mapping=t
ex-text;!
Missing character: There is no е (U+0435) in font [lmroman10-regular]:mapping=t
ex-text;!
Missing character: There is no б (U+0431) in font [lmroman10-regular]:mapping=t
ex-text;!
Missing character: There is no е (U+0435) in font [lmroman10-regular]:mapping=t
ex-text;!
Missing character: There is no н (U+043D) in font [lmroman10-regular]:mapping=t
ex-text;!
Missing character: There is no е (U+0435) in font [lmroman10-regular]:mapping=t
ex-text;!
Missing character: There is no п (U+043F) in font [lmroman10-regular]:mapping=t
ex-text;!
Missing character: There is no о (U+043E) in font [lmroman10-regular]:mapping=t
ex-text;!
Missing character: There is no з (U+0437) in font [lmroman10-regular]:mapping=t
ex-text;!
Missing character: There is no в (U+0432) in font [lmroman10-regular]:mapping=t
ex-text;!
Missing character: There is no о (U+043E) in font [lmroman10-regular]:mapping=t
ex-text;!
Missing character: There is no л (U+043B) in font [lmroman10-regular]:mapping=t
ex-text;!
Missing character: There is no я (U+044F) in font [lmroman10-regular]:mapping=t
ex-text;!
Missing character: There is no е (U+0435) in font [lmroman10-regular]:mapping=t
ex-text;!
Missing character: There is no т (U+0442) in font [lmroman10-regular]:mapping=t
ex-text;!
Missing character: There is no п (U+043F) in font [lmroman10-regular]:mapping=t
ex-text;!
Missing character: There is no р (U+0440) in font [lmroman10-regular]:mapping=t
ex-text;!
Missing character: There is no и (U+0438) in font [lmroman10-regular]:mapping=t
ex-text;!
Missing character: There is no п (U+043F) in font [lmroman10-regular]:mapping=t
ex-text;!
Missing character: There is no и (U+0438) in font [lmroman10-regular]:mapping=t
ex-text;!
Missing character: There is no с (U+0441) in font [lmroman10-regular]:mapping=t
ex-text;!
Missing character: There is no а (U+0430) in font [lmroman10-regular]:mapping=t
ex-text;!
Missing character: There is no т (U+0442) in font [lmroman10-regular]:mapping=t
ex-text;!
Missing character: There is no ь (U+044C) in font [lmroman10-regular]:mapping=t
ex-text;!
Missing character: There is no р (U+0440) in font [lmroman10-regular]:mapping=t
ex-text;!
Missing character: There is no а (U+0430) in font [lmroman10-regular]:mapping=t
ex-text;!
Missing character: There is no з (U+0437) in font [lmroman10-regular]:mapping=t
ex-text;!
Missing character: There is no н (U+043D) in font [lmroman10-regular]:mapping=t
ex-text;!
Missing character: There is no и (U+0438) in font [lmroman10-regular]:mapping=t
ex-text;!
Missing character: There is no ц (U+0446) in font [lmroman10-regular]:mapping=t
ex-text;!
Missing character: There is no у (U+0443) in font [lmroman10-regular]:mapping=t
ex-text;!
Missing character: There is no и (U+0438) in font [lmroman10-regular]:mapping=t
ex-text;!
Missing character: There is no с (U+0441) in font [lmroman10-regular]:mapping=t
ex-text;!
Missing character: There is no к (U+043A) in font [lmroman10-regular]:mapping=t
ex-text;!
Missing character: There is no л (U+043B) in font [lmroman10-regular]:mapping=t
ex-text;!
Missing character: There is no ю (U+044E) in font [lmroman10-regular]:mapping=t
ex-text;!
Missing character: There is no ч (U+0447) in font [lmroman10-regular]:mapping=t
ex-text;!
Missing character: There is no и (U+0438) in font [lmroman10-regular]:mapping=t
ex-text;!
Missing character: There is no т (U+0442) in font [lmroman10-regular]:mapping=t
ex-text;!
Missing character: There is no е (U+0435) in font [lmroman10-regular]:mapping=t
ex-text;!
Missing character: There is no л (U+043B) in font [lmroman10-regular]:mapping=t
ex-text;!
Missing character: There is no ь (U+044C) in font [lmroman10-regular]:mapping=t
ex-text;!
Missing character: There is no н (U+043D) in font [lmroman10-regular]:mapping=t
ex-text;!
Missing character: There is no о (U+043E) in font [lmroman10-regular]:mapping=t
ex-text;!
Missing character: There is no а (U+0430) in font [lmroman10-regular]:mapping=t
ex-text;!
Missing character: There is no р (U+0440) in font [lmroman10-regular]:mapping=t
ex-text;!
Missing character: There is no х (U+0445) in font [lmroman10-regular]:mapping=t
ex-text;!
Missing character: There is no и (U+0438) in font [lmroman10-regular]:mapping=t
ex-text;!
Missing character: There is no т (U+0442) in font [lmroman10-regular]:mapping=t
ex-text;!
Missing character: There is no е (U+0435) in font [lmroman10-regular]:mapping=t
ex-text;!
Missing character: There is no к (U+043A) in font [lmroman10-regular]:mapping=t
ex-text;!
Missing character: There is no т (U+0442) in font [lmroman10-regular]:mapping=t
ex-text;!
Missing character: There is no у (U+0443) in font [lmroman10-regular]:mapping=t
ex-text;!
Missing character: There is no р (U+0440) in font [lmroman10-regular]:mapping=t
ex-text;!
Missing character: There is no е (U+0435) in font [lmroman10-regular]:mapping=t
ex-text;!
Missing character: There is no п (U+043F) in font [lmroman10-regular]:mapping=t
ex-text;!
Missing character: There is no р (U+0440) in font [lmroman10-regular]:mapping=t
ex-text;!
Missing character: There is no о (U+043E) in font [lmroman10-regular]:mapping=t
ex-text;!
Missing character: There is no ц (U+0446) in font [lmroman10-regular]:mapping=t
ex-text;!
Missing character: There is no е (U+0435) in font [lmroman10-regular]:mapping=t
ex-text;!
Missing character: There is no с (U+0441) in font [lmroman10-regular]:mapping=t
ex-text;!
Missing character: There is no с (U+0441) in font [lmroman10-regular]:mapping=t
ex-text;!
Missing character: There is no о (U+043E) in font [lmroman10-regular]:mapping=t
ex-text;!
Missing character: There is no р (U+0440) in font [lmroman10-regular]:mapping=t
ex-text;!
Missing character: There is no а (U+0430) in font [lmroman10-regular]:mapping=t
ex-text;!
Missing character: There is no м (U+043C) in font [lmroman10-regular]:mapping=t
ex-text;!
Missing character: There is no е (U+0435) in font [lmroman10-regular]:mapping=t
ex-text;!
Missing character: There is no н (U+043D) in font [lmroman10-regular]:mapping=t
ex-text;!
Missing character: There is no я (U+044F) in font [lmroman10-regular]:mapping=t
ex-text;!
Missing character: There is no ю (U+044E) in font [lmroman10-regular]:mapping=t
ex-text;!
Missing character: There is no т (U+0442) in font [lmroman10-regular]:mapping=t
ex-text;!
Missing character: There is no с (U+0441) in font [lmroman10-regular]:mapping=t
ex-text;!
Missing character: There is no я (U+044F) in font [lmroman10-regular]:mapping=t
ex-text;!
Missing character: There is no т (U+0442) in font [lmroman10-regular]:mapping=t
ex-text;!
Missing character: There is no а (U+0430) in font [lmroman10-regular]:mapping=t
ex-text;!
Missing character: There is no к (U+043A) in font [lmroman10-regular]:mapping=t
ex-text;!
Missing character: There is no ж (U+0436) in font [lmroman10-regular]:mapping=t
ex-text;!
Missing character: There is no е (U+0435) in font [lmroman10-regular]:mapping=t
ex-text;!
Missing character: There is no м (U+043C) in font [lmroman10-regular]:mapping=t
ex-text;!
Missing character: There is no о (U+043E) in font [lmroman10-regular]:mapping=t
ex-text;!
Missing character: There is no д (U+0434) in font [lmroman10-regular]:mapping=t
ex-text;!
Missing character: There is no е (U+0435) in font [lmroman10-regular]:mapping=t
ex-text;!
Missing character: There is no л (U+043B) in font [lmroman10-regular]:mapping=t
ex-text;!
Missing character: There is no ь (U+044C) in font [lmroman10-regular]:mapping=t
ex-text;!
Missing character: There is no п (U+043F) in font [lmroman10-regular]:mapping=t
ex-text;!
Missing character: There is no а (U+0430) in font [lmroman10-regular]:mapping=t
ex-text;!
Missing character: There is no м (U+043C) in font [lmroman10-regular]:mapping=t
ex-text;!
Missing character: There is no я (U+044F) in font [lmroman10-regular]:mapping=t
ex-text;!
Missing character: There is no т (U+0442) in font [lmroman10-regular]:mapping=t
ex-text;!
Missing character: There is no ь (U+044C) in font [lmroman10-regular]:mapping=t
ex-text;!
Missing character: There is no О (U+041E) in font [lmroman10-regular]:mapping=t
ex-text;!
Missing character: There is no С (U+0421) in font [lmroman10-regular]:mapping=t
ex-text;!
Missing character: There is no и (U+0438) in font [lmroman10-regular]:mapping=t
ex-text;!
Missing character: There is no с (U+0441) in font [lmroman10-regular]:mapping=t
ex-text;!
Missing character: There is no и (U+0438) in font [lmroman10-regular]:mapping=t
ex-text;!
Missing character: There is no с (U+0441) in font [lmroman10-regular]:mapping=t
ex-text;!
Missing character: There is no т (U+0442) in font [lmroman10-regular]:mapping=t
ex-text;!
Missing character: There is no е (U+0435) in font [lmroman10-regular]:mapping=t
ex-text;!
Missing character: There is no м (U+043C) in font [lmroman10-regular]:mapping=t
ex-text;!
Missing character: There is no н (U+043D) in font [lmroman10-regular]:mapping=t
ex-text;!
Missing character: There is no ы (U+044B) in font [lmroman10-regular]:mapping=t
ex-text;!
Missing character: There is no е (U+0435) in font [lmroman10-regular]:mapping=t
ex-text;!
Missing character: There is no н (U+043D) in font [lmroman10-regular]:mapping=t
ex-text;!
Missing character: There is no а (U+0430) in font [lmroman10-regular]:mapping=t
ex-text;!
Missing character: There is no с (U+0441) in font [lmroman10-regular]:mapping=t
ex-text;!
Missing character: There is no т (U+0442) in font [lmroman10-regular]:mapping=t
ex-text;!
Missing character: There is no р (U+0440) in font [lmroman10-regular]:mapping=t
ex-text;!
Missing character: There is no о (U+043E) in font [lmroman10-regular]:mapping=t
ex-text;!
Missing character: There is no й (U+0439) in font [lmroman10-regular]:mapping=t
ex-text;!
Missing character: There is no к (U+043A) in font [lmroman10-regular]:mapping=t
ex-text;!
Missing character: There is no и (U+0438) in font [lmroman10-regular]:mapping=t
ex-text;!
Missing character: There is no и (U+0438) in font [lmroman10-regular]:mapping=t
ex-text;!
Missing character: There is no р (U+0440) in font [lmroman10-regular]:mapping=t
ex-text;!
Missing character: There is no а (U+0430) in font [lmroman10-regular]:mapping=t
ex-text;!
Missing character: There is no с (U+0441) in font [lmroman10-regular]:mapping=t
ex-text;!
Missing character: There is no с (U+0441) in font [lmroman10-regular]:mapping=t
ex-text;!
Missing character: There is no м (U+043C) in font [lmroman10-regular]:mapping=t
ex-text;!
Missing character: There is no а (U+0430) in font [lmroman10-regular]:mapping=t
ex-text;!
Missing character: There is no т (U+0442) in font [lmroman10-regular]:mapping=t
ex-text;!
Missing character: There is no р (U+0440) in font [lmroman10-regular]:mapping=t
ex-text;!
Missing character: There is no и (U+0438) in font [lmroman10-regular]:mapping=t
ex-text;!
Missing character: There is no в (U+0432) in font [lmroman10-regular]:mapping=t
ex-text;!
Missing character: There is no а (U+0430) in font [lmroman10-regular]:mapping=t
ex-text;!
Missing character: There is no ю (U+044E) in font [lmroman10-regular]:mapping=t
ex-text;!
Missing character: There is no т (U+0442) in font [lmroman10-regular]:mapping=t
ex-text;!
Missing character: There is no с (U+0441) in font [lmroman10-regular]:mapping=t
ex-text;!
Missing character: There is no я (U+044F) in font [lmroman10-regular]:mapping=t
ex-text;!
Missing character: There is no к (U+043A) in font [lmroman10-regular]:mapping=t
ex-text;!
Missing character: There is no а (U+0430) in font [lmroman10-regular]:mapping=t
ex-text;!
Missing character: There is no к (U+043A) in font [lmroman10-regular]:mapping=t
ex-text;!
Missing character: There is no д (U+0434) in font [lmroman10-regular]:mapping=t
ex-text;!
Missing character: There is no о (U+043E) in font [lmroman10-regular]:mapping=t
ex-text;!
Missing character: There is no п (U+043F) in font [lmroman10-regular]:mapping=t
ex-text;!
Missing character: There is no о (U+043E) in font [lmroman10-regular]:mapping=t
ex-text;!
Missing character: There is no л (U+043B) in font [lmroman10-regular]:mapping=t
ex-text;!
Missing character: There is no н (U+043D) in font [lmroman10-regular]:mapping=t
ex-text;!
Missing character: There is no и (U+0438) in font [lmroman10-regular]:mapping=t
ex-text;!
Missing character: There is no т (U+0442) in font [lmroman10-regular]:mapping=t
ex-text;!
Missing character: There is no е (U+0435) in font [lmroman10-regular]:mapping=t
ex-text;!
Missing character: There is no л (U+043B) in font [lmroman10-regular]:mapping=t
ex-text;!
Missing character: There is no ь (U+044C) in font [lmroman10-regular]:mapping=t
ex-text;!
Missing character: There is no н (U+043D) in font [lmroman10-regular]:mapping=t
ex-text;!
Missing character: There is no ы (U+044B) in font [lmroman10-regular]:mapping=t
ex-text;!
Missing character: There is no й (U+0439) in font [lmroman10-regular]:mapping=t
ex-text;!
Missing character: There is no ф (U+0444) in font [lmroman10-regular]:mapping=t
ex-text;!
Missing character: There is no а (U+0430) in font [lmroman10-regular]:mapping=t
ex-text;!
Missing character: There is no к (U+043A) in font [lmroman10-regular]:mapping=t
ex-text;!
Missing character: There is no т (U+0442) in font [lmroman10-regular]:mapping=t
ex-text;!
Missing character: There is no о (U+043E) in font [lmroman10-regular]:mapping=t
ex-text;!
Missing character: There is no р (U+0440) in font [lmroman10-regular]:mapping=t
ex-text;!
Missing character: There is no В (U+0412) in font [lmroman10-regular]:mapping=t
ex-text;!
Missing character: There is no и (U+0438) in font [lmroman10-regular]:mapping=t
ex-text;!
Missing character: There is no м (U+043C) in font [lmroman10-regular]:mapping=t
ex-text;!
Missing character: There is no е (U+0435) in font [lmroman10-regular]:mapping=t
ex-text;!
Missing character: There is no ю (U+044E) in font [lmroman10-regular]:mapping=t
ex-text;!
Missing character: There is no щ (U+0449) in font [lmroman10-regular]:mapping=t
ex-text;!
Missing character: There is no е (U+0435) in font [lmroman10-regular]:mapping=t
ex-text;!
Missing character: There is no й (U+0439) in font [lmroman10-regular]:mapping=t
ex-text;!
Missing character: There is no с (U+0441) in font [lmroman10-regular]:mapping=t
ex-text;!
Missing character: There is no я (U+044F) in font [lmroman10-regular]:mapping=t
ex-text;!
Missing character: There is no к (U+043A) in font [lmroman10-regular]:mapping=t
ex-text;!
Missing character: There is no о (U+043E) in font [lmroman10-regular]:mapping=t
ex-text;!
Missing character: There is no н (U+043D) in font [lmroman10-regular]:mapping=t
ex-text;!
Missing character: There is no ф (U+0444) in font [lmroman10-regular]:mapping=t
ex-text;!
Missing character: There is no и (U+0438) in font [lmroman10-regular]:mapping=t
ex-text;!
Missing character: There is no г (U+0433) in font [lmroman10-regular]:mapping=t
ex-text;!
Missing character: There is no у (U+0443) in font [lmroman10-regular]:mapping=t
ex-text;!
Missing character: There is no р (U+0440) in font [lmroman10-regular]:mapping=t
ex-text;!
Missing character: There is no а (U+0430) in font [lmroman10-regular]:mapping=t
ex-text;!
Missing character: There is no ц (U+0446) in font [lmroman10-regular]:mapping=t
ex-text;!
Missing character: There is no и (U+0438) in font [lmroman10-regular]:mapping=t
ex-text;!
Missing character: There is no и (U+0438) in font [lmroman10-regular]:mapping=t
ex-text;!
Missing character: There is no у (U+0443) in font [lmroman10-regular]:mapping=t
ex-text;!
Missing character: There is no с (U+0441) in font [lmroman10-regular]:mapping=t
ex-text;!
Missing character: There is no т (U+0442) in font [lmroman10-regular]:mapping=t
ex-text;!
Missing character: There is no а (U+0430) in font [lmroman10-regular]:mapping=t
ex-text;!
Missing character: There is no н (U+043D) in font [lmroman10-regular]:mapping=t
ex-text;!
Missing character: There is no о (U+043E) in font [lmroman10-regular]:mapping=t
ex-text;!
Missing character: There is no в (U+0432) in font [lmroman10-regular]:mapping=t
ex-text;!
Missing character: There is no л (U+043B) in font [lmroman10-regular]:mapping=t
ex-text;!
Missing character: There is no е (U+0435) in font [lmroman10-regular]:mapping=t
ex-text;!
Missing character: There is no н (U+043D) in font [lmroman10-regular]:mapping=t
ex-text;!
Missing character: There is no а (U+0430) in font [lmroman10-regular]:mapping=t
ex-text;!
Missing character: There is no н (U+043D) in font [lmroman10-regular]:mapping=t
ex-text;!
Missing character: There is no а (U+0430) in font [lmroman10-regular]:mapping=t
ex-text;!
Missing character: There is no с (U+0441) in font [lmroman10-regular]:mapping=t
ex-text;!
Missing character: There is no и (U+0438) in font [lmroman10-regular]:mapping=t
ex-text;!
Missing character: There is no с (U+0441) in font [lmroman10-regular]:mapping=t
ex-text;!
Missing character: There is no т (U+0442) in font [lmroman10-regular]:mapping=t
ex-text;!
Missing character: There is no е (U+0435) in font [lmroman10-regular]:mapping=t
ex-text;!
Missing character: There is no м (U+043C) in font [lmroman10-regular]:mapping=t
ex-text;!
Missing character: There is no е (U+0435) in font [lmroman10-regular]:mapping=t
ex-text;!
Missing character: There is no а (U+0430) in font [lmroman10-regular]:mapping=t
ex-text;!
Missing character: There is no н (U+043D) in font [lmroman10-regular]:mapping=t
ex-text;!
Missing character: There is no а (U+0430) in font [lmroman10-regular]:mapping=t
ex-text;!
Missing character: There is no с (U+0441) in font [lmroman10-regular]:mapping=t
ex-text;!
Missing character: There is no и (U+0438) in font [lmroman10-regular]:mapping=t
ex-text;!
Missing character: There is no с (U+0441) in font [lmroman10-regular]:mapping=t
ex-text;!
Missing character: There is no т (U+0442) in font [lmroman10-regular]:mapping=t
ex-text;!
Missing character: There is no е (U+0435) in font [lmroman10-regular]:mapping=t
ex-text;!
Missing character: There is no м (U+043C) in font [lmroman10-regular]:mapping=t
ex-text;!
Missing character: There is no е (U+0435) in font [lmroman10-regular]:mapping=t
ex-text;!
Missing character: There is no п (U+043F) in font [lmroman10-regular]:mapping=t
ex-text;!
Missing character: There is no о (U+043E) in font [lmroman10-regular]:mapping=t
ex-text;!
Missing character: There is no э (U+044D) in font [lmroman10-regular]:mapping=t
ex-text;!
Missing character: There is no т (U+0442) in font [lmroman10-regular]:mapping=t
ex-text;!
Missing character: There is no о (U+043E) in font [lmroman10-regular]:mapping=t
ex-text;!
Missing character: There is no м (U+043C) in font [lmroman10-regular]:mapping=t
ex-text;!
Missing character: There is no у (U+0443) in font [lmroman10-regular]:mapping=t
ex-text;!
Missing character: There is no п (U+043F) in font [lmroman10-regular]:mapping=t
ex-text;!
Missing character: There is no р (U+0440) in font [lmroman10-regular]:mapping=t
ex-text;!
Missing character: There is no я (U+044F) in font [lmroman10-regular]:mapping=t
ex-text;!
Missing character: There is no м (U+043C) in font [lmroman10-regular]:mapping=t
ex-text;!
Missing character: There is no о (U+043E) in font [lmroman10-regular]:mapping=t
ex-text;!
Missing character: There is no е (U+0435) in font [lmroman10-regular]:mapping=t
ex-text;!
Missing character: There is no с (U+0441) in font [lmroman10-regular]:mapping=t
ex-text;!
Missing character: There is no р (U+0440) in font [lmroman10-regular]:mapping=t
ex-text;!
Missing character: There is no а (U+0430) in font [lmroman10-regular]:mapping=t
ex-text;!
Missing character: There is no в (U+0432) in font [lmroman10-regular]:mapping=t
ex-text;!
Missing character: There is no н (U+043D) in font [lmroman10-regular]:mapping=t
ex-text;!
Missing character: There is no е (U+0435) in font [lmroman10-regular]:mapping=t
ex-text;!
Missing character: There is no н (U+043D) in font [lmroman10-regular]:mapping=t
ex-text;!
Missing character: There is no и (U+0438) in font [lmroman10-regular]:mapping=t
ex-text;!
Missing character: There is no е (U+0435) in font [lmroman10-regular]:mapping=t
ex-text;!
Missing character: There is no э (U+044D) in font [lmroman10-regular]:mapping=t
ex-text;!
Missing character: There is no т (U+0442) in font [lmroman10-regular]:mapping=t
ex-text;!
Missing character: There is no и (U+0438) in font [lmroman10-regular]:mapping=t
ex-text;!
Missing character: There is no х (U+0445) in font [lmroman10-regular]:mapping=t
ex-text;!
Missing character: There is no д (U+0434) in font [lmroman10-regular]:mapping=t
ex-text;!
Missing character: There is no в (U+0432) in font [lmroman10-regular]:mapping=t
ex-text;!
Missing character: There is no у (U+0443) in font [lmroman10-regular]:mapping=t
ex-text;!
Missing character: There is no х (U+0445) in font [lmroman10-regular]:mapping=t
ex-text;!
Missing character: There is no з (U+0437) in font [lmroman10-regular]:mapping=t
ex-text;!
Missing character: There is no а (U+0430) in font [lmroman10-regular]:mapping=t
ex-text;!
Missing character: There is no п (U+043F) in font [lmroman10-regular]:mapping=t
ex-text;!
Missing character: There is no у (U+0443) in font [lmroman10-regular]:mapping=t
ex-text;!
Missing character: There is no с (U+0441) in font [lmroman10-regular]:mapping=t
ex-text;!
Missing character: There is no к (U+043A) in font [lmroman10-regular]:mapping=t
ex-text;!
Missing character: There is no о (U+043E) in font [lmroman10-regular]:mapping=t
ex-text;!
Missing character: There is no в (U+0432) in font [lmroman10-regular]:mapping=t
ex-text;!
Missing character: There is no с (U+0441) in font [lmroman10-regular]:mapping=t
ex-text;!
Missing character: There is no м (U+043C) in font [lmroman10-regular]:mapping=t
ex-text;!
Missing character: There is no е (U+0435) in font [lmroman10-regular]:mapping=t
ex-text;!
Missing character: There is no ш (U+0448) in font [lmroman10-regular]:mapping=t
ex-text;!
Missing character: There is no и (U+0438) in font [lmroman10-regular]:mapping=t
ex-text;!
Missing character: There is no в (U+0432) in font [lmroman10-regular]:mapping=t
ex-text;!
Missing character: There is no а (U+0430) in font [lmroman10-regular]:mapping=t
ex-text;!
Missing character: There is no е (U+0435) in font [lmroman10-regular]:mapping=t
ex-text;!
Missing character: There is no т (U+0442) in font [lmroman10-regular]:mapping=t
ex-text;!
Missing character: There is no в (U+0432) in font [lmroman10-regular]:mapping=t
ex-text;!
Missing character: There is no л (U+043B) in font [lmroman10-regular]:mapping=t
ex-text;!
Missing character: There is no и (U+0438) in font [lmroman10-regular]:mapping=t
ex-text;!
Missing character: There is no я (U+044F) in font [lmroman10-regular]:mapping=t
ex-text;!
Missing character: There is no н (U+043D) in font [lmroman10-regular]:mapping=t
ex-text;!
Missing character: There is no и (U+0438) in font [lmroman10-regular]:mapping=t
ex-text;!
Missing character: There is no е (U+0435) in font [lmroman10-regular]:mapping=t
ex-text;!
Missing character: There is no О (U+041E) in font [lmroman10-regular]:mapping=t
ex-text;!
Missing character: There is no С (U+0421) in font [lmroman10-regular]:mapping=t
ex-text;!
Missing character: There is no и (U+0438) in font [lmroman10-regular]:mapping=t
ex-text;!
Missing character: There is no а (U+0430) in font [lmroman10-regular]:mapping=t
ex-text;!
Missing character: There is no р (U+0440) in font [lmroman10-regular]:mapping=t
ex-text;!
Missing character: There is no х (U+0445) in font [lmroman10-regular]:mapping=t
ex-text;!
Missing character: There is no и (U+0438) in font [lmroman10-regular]:mapping=t
ex-text;!
Missing character: There is no т (U+0442) in font [lmroman10-regular]:mapping=t
ex-text;!
Missing character: There is no е (U+0435) in font [lmroman10-regular]:mapping=t
ex-text;!
Missing character: There is no к (U+043A) in font [lmroman10-regular]:mapping=t
ex-text;!
Missing character: There is no т (U+0442) in font [lmroman10-regular]:mapping=t
ex-text;!
Missing character: There is no у (U+0443) in font [lmroman10-regular]:mapping=t
ex-text;!
Missing character: There is no р (U+0440) in font [lmroman10-regular]:mapping=t
ex-text;!
Missing character: There is no ы (U+044B) in font [lmroman10-regular]:mapping=t
ex-text;!
Missing character: There is no Ч (U+0427) in font [lmroman10-regular]:mapping=t
ex-text;!
Missing character: There is no т (U+0442) in font [lmroman10-regular]:mapping=t
ex-text;!
Missing character: There is no о (U+043E) in font [lmroman10-regular]:mapping=t
ex-text;!
Missing character: There is no б (U+0431) in font [lmroman10-regular]:mapping=t
ex-text;!
Missing character: There is no ы (U+044B) in font [lmroman10-regular]:mapping=t
ex-text;!
Missing character: There is no о (U+043E) in font [lmroman10-regular]:mapping=t
ex-text;!
Missing character: There is no т (U+0442) in font [lmroman10-regular]:mapping=t
ex-text;!
Missing character: There is no д (U+0434) in font [lmroman10-regular]:mapping=t
ex-text;!
Missing character: There is no е (U+0435) in font [lmroman10-regular]:mapping=t
ex-text;!
Missing character: There is no л (U+043B) in font [lmroman10-regular]:mapping=t
ex-text;!
Missing character: There is no ь (U+044C) in font [lmroman10-regular]:mapping=t
ex-text;!
Missing character: There is no н (U+043D) in font [lmroman10-regular]:mapping=t
ex-text;!
Missing character: There is no о (U+043E) in font [lmroman10-regular]:mapping=t
ex-text;!
Missing character: There is no о (U+043E) in font [lmroman10-regular]:mapping=t
ex-text;!
Missing character: There is no ц (U+0446) in font [lmroman10-regular]:mapping=t
ex-text;!
Missing character: There is no е (U+0435) in font [lmroman10-regular]:mapping=t
ex-text;!
Missing character: There is no н (U+043D) in font [lmroman10-regular]:mapping=t
ex-text;!
Missing character: There is no и (U+0438) in font [lmroman10-regular]:mapping=t
ex-text;!
Missing character: There is no т (U+0442) in font [lmroman10-regular]:mapping=t
ex-text;!
Missing character: There is no ь (U+044C) in font [lmroman10-regular]:mapping=t
ex-text;!
Missing character: There is no в (U+0432) in font [lmroman10-regular]:mapping=t
ex-text;!
Missing character: There is no л (U+043B) in font [lmroman10-regular]:mapping=t
ex-text;!
Missing character: There is no и (U+0438) in font [lmroman10-regular]:mapping=t
ex-text;!
Missing character: There is no я (U+044F) in font [lmroman10-regular]:mapping=t
ex-text;!
Missing character: There is no н (U+043D) in font [lmroman10-regular]:mapping=t
ex-text;!
Missing character: There is no и (U+0438) in font [lmroman10-regular]:mapping=t
ex-text;!
Missing character: There is no е (U+0435) in font [lmroman10-regular]:mapping=t
ex-text;!
Missing character: There is no о (U+043E) in font [lmroman10-regular]:mapping=t
ex-text;!
Missing character: There is no п (U+043F) in font [lmroman10-regular]:mapping=t
ex-text;!
Missing character: There is no е (U+0435) in font [lmroman10-regular]:mapping=t
ex-text;!
Missing character: There is no р (U+0440) in font [lmroman10-regular]:mapping=t
ex-text;!
Missing character: There is no а (U+0430) in font [lmroman10-regular]:mapping=t
ex-text;!
Missing character: There is no ц (U+0446) in font [lmroman10-regular]:mapping=t
ex-text;!
Missing character: There is no и (U+0438) in font [lmroman10-regular]:mapping=t
ex-text;!
Missing character: There is no о (U+043E) in font [lmroman10-regular]:mapping=t
ex-text;!
Missing character: There is no н (U+043D) in font [lmroman10-regular]:mapping=t
ex-text;!
Missing character: There is no н (U+043D) in font [lmroman10-regular]:mapping=t
ex-text;!
Missing character: There is no о (U+043E) in font [lmroman10-regular]:mapping=t
ex-text;!
Missing character: There is no й (U+0439) in font [lmroman10-regular]:mapping=t
ex-text;!
Missing character: There is no с (U+0441) in font [lmroman10-regular]:mapping=t
ex-text;!
Missing character: There is no и (U+0438) in font [lmroman10-regular]:mapping=t
ex-text;!
Missing character: There is no с (U+0441) in font [lmroman10-regular]:mapping=t
ex-text;!
Missing character: There is no т (U+0442) in font [lmroman10-regular]:mapping=t
ex-text;!
Missing character: There is no е (U+0435) in font [lmroman10-regular]:mapping=t
ex-text;!
Missing character: There is no м (U+043C) in font [lmroman10-regular]:mapping=t
ex-text;!
Missing character: There is no ы (U+044B) in font [lmroman10-regular]:mapping=t
ex-text;!
Missing character: There is no п (U+043F) in font [lmroman10-regular]:mapping=t
ex-text;!
Missing character: There is no о (U+043E) in font [lmroman10-regular]:mapping=t
ex-text;!
Missing character: There is no т (U+0442) in font [lmroman10-regular]:mapping=t
ex-text;!
Missing character: There is no р (U+0440) in font [lmroman10-regular]:mapping=t
ex-text;!
Missing character: There is no е (U+0435) in font [lmroman10-regular]:mapping=t
ex-text;!
Missing character: There is no б (U+0431) in font [lmroman10-regular]:mapping=t
ex-text;!
Missing character: There is no у (U+0443) in font [lmroman10-regular]:mapping=t
ex-text;!
Missing character: There is no е (U+0435) in font [lmroman10-regular]:mapping=t
ex-text;!
Missing character: There is no т (U+0442) in font [lmroman10-regular]:mapping=t
ex-text;!
Missing character: There is no с (U+0441) in font [lmroman10-regular]:mapping=t
ex-text;!
Missing character: There is no я (U+044F) in font [lmroman10-regular]:mapping=t
ex-text;!
Missing character: There is no п (U+043F) in font [lmroman10-regular]:mapping=t
ex-text;!
Missing character: There is no о (U+043E) in font [lmroman10-regular]:mapping=t
ex-text;!
Missing character: There is no в (U+0432) in font [lmroman10-regular]:mapping=t
ex-text;!
Missing character: There is no т (U+0442) in font [lmroman10-regular]:mapping=t
ex-text;!
Missing character: There is no о (U+043E) in font [lmroman10-regular]:mapping=t
ex-text;!
Missing character: There is no р (U+0440) in font [lmroman10-regular]:mapping=t
ex-text;!
Missing character: There is no и (U+0438) in font [lmroman10-regular]:mapping=t
ex-text;!
Missing character: There is no т (U+0442) in font [lmroman10-regular]:mapping=t
ex-text;!
Missing character: There is no ь (U+044C) in font [lmroman10-regular]:mapping=t
ex-text;!
Missing character: There is no э (U+044D) in font [lmroman10-regular]:mapping=t
ex-text;!
Missing character: There is no к (U+043A) in font [lmroman10-regular]:mapping=t
ex-text;!
Missing character: There is no с (U+0441) in font [lmroman10-regular]:mapping=t
ex-text;!
Missing character: There is no п (U+043F) in font [lmroman10-regular]:mapping=t
ex-text;!
Missing character: There is no е (U+0435) in font [lmroman10-regular]:mapping=t
ex-text;!
Missing character: There is no р (U+0440) in font [lmroman10-regular]:mapping=t
ex-text;!
Missing character: There is no и (U+0438) in font [lmroman10-regular]:mapping=t
ex-text;!
Missing character: There is no м (U+043C) in font [lmroman10-regular]:mapping=t
ex-text;!
Missing character: There is no е (U+0435) in font [lmroman10-regular]:mapping=t
ex-text;!
Missing character: There is no н (U+043D) in font [lmroman10-regular]:mapping=t
ex-text;!
Missing character: There is no т (U+0442) in font [lmroman10-regular]:mapping=t
ex-text;!
Missing character: There is no н (U+043D) in font [lmroman10-regular]:mapping=t
ex-text;!
Missing character: There is no а (U+0430) in font [lmroman10-regular]:mapping=t
ex-text;!
Missing character: There is no т (U+0442) in font [lmroman10-regular]:mapping=t
ex-text;!
Missing character: There is no о (U+043E) in font [lmroman10-regular]:mapping=t
ex-text;!
Missing character: There is no м (U+043C) in font [lmroman10-regular]:mapping=t
ex-text;!
Missing character: There is no ж (U+0436) in font [lmroman10-regular]:mapping=t
ex-text;!
Missing character: There is no е (U+0435) in font [lmroman10-regular]:mapping=t
ex-text;!
Missing character: There is no о (U+043E) in font [lmroman10-regular]:mapping=t
ex-text;!
Missing character: There is no б (U+0431) in font [lmroman10-regular]:mapping=t
ex-text;!
Missing character: There is no о (U+043E) in font [lmroman10-regular]:mapping=t
ex-text;!
Missing character: There is no р (U+0440) in font [lmroman10-regular]:mapping=t
ex-text;!
Missing character: There is no у (U+0443) in font [lmroman10-regular]:mapping=t
ex-text;!
Missing character: There is no д (U+0434) in font [lmroman10-regular]:mapping=t
ex-text;!
Missing character: There is no о (U+043E) in font [lmroman10-regular]:mapping=t
ex-text;!
Missing character: There is no в (U+0432) in font [lmroman10-regular]:mapping=t
ex-text;!
Missing character: There is no а (U+0430) in font [lmroman10-regular]:mapping=t
ex-text;!
Missing character: There is no н (U+043D) in font [lmroman10-regular]:mapping=t
ex-text;!
Missing character: There is no и (U+0438) in font [lmroman10-regular]:mapping=t
ex-text;!
Missing character: There is no и (U+0438) in font [lmroman10-regular]:mapping=t
ex-text;!
Missing character: There is no с (U+0441) in font [lmroman10-regular]:mapping=t
ex-text;!
Missing character: There is no д (U+0434) in font [lmroman10-regular]:mapping=t
ex-text;!
Missing character: There is no р (U+0440) in font [lmroman10-regular]:mapping=t
ex-text;!
Missing character: There is no у (U+0443) in font [lmroman10-regular]:mapping=t
ex-text;!
Missing character: There is no г (U+0433) in font [lmroman10-regular]:mapping=t
ex-text;!
Missing character: There is no о (U+043E) in font [lmroman10-regular]:mapping=t
ex-text;!
Missing character: There is no й (U+0439) in font [lmroman10-regular]:mapping=t
ex-text;!
Missing character: There is no О (U+041E) in font [lmroman10-regular]:mapping=t
ex-text;!
Missing character: There is no С (U+0421) in font [lmroman10-regular]:mapping=t
ex-text;!
Missing character: There is no л (U+043B) in font [lmroman10-regular]:mapping=t
ex-text;!
Missing character: There is no и (U+0438) in font [lmroman10-regular]:mapping=t
ex-text;!
Missing character: There is no б (U+0431) in font [lmroman10-regular]:mapping=t
ex-text;!
Missing character: There is no о (U+043E) in font [lmroman10-regular]:mapping=t
ex-text;!
Missing character: There is no ч (U+0447) in font [lmroman10-regular]:mapping=t
ex-text;!
Missing character: There is no ё (U+0451) in font [lmroman10-regular]:mapping=t
ex-text;!
Missing character: There is no т (U+0442) in font [lmroman10-regular]:mapping=t
ex-text;!
Missing character: There is no к (U+043A) in font [lmroman10-regular]:mapping=t
ex-text;!
Missing character: There is no о (U+043E) in font [lmroman10-regular]:mapping=t
ex-text;!
Missing character: There is no о (U+043E) in font [lmroman10-regular]:mapping=t
ex-text;!
Missing character: There is no б (U+0431) in font [lmroman10-regular]:mapping=t
ex-text;!
Missing character: There is no о (U+043E) in font [lmroman10-regular]:mapping=t
ex-text;!
Missing character: There is no з (U+0437) in font [lmroman10-regular]:mapping=t
ex-text;!
Missing character: There is no н (U+043D) in font [lmroman10-regular]:mapping=t
ex-text;!
Missing character: There is no а (U+0430) in font [lmroman10-regular]:mapping=t
ex-text;!
Missing character: There is no ч (U+0447) in font [lmroman10-regular]:mapping=t
ex-text;!
Missing character: There is no и (U+0438) in font [lmroman10-regular]:mapping=t
ex-text;!
Missing character: There is no т (U+0442) in font [lmroman10-regular]:mapping=t
ex-text;!
Missing character: There is no ь (U+044C) in font [lmroman10-regular]:mapping=t
ex-text;!
Missing character: There is no с (U+0441) in font [lmroman10-regular]:mapping=t
ex-text;!
Missing character: There is no р (U+0440) in font [lmroman10-regular]:mapping=t
ex-text;!
Missing character: There is no а (U+0430) in font [lmroman10-regular]:mapping=t
ex-text;!
Missing character: There is no в (U+0432) in font [lmroman10-regular]:mapping=t
ex-text;!
Missing character: There is no н (U+043D) in font [lmroman10-regular]:mapping=t
ex-text;!
Missing character: There is no е (U+0435) in font [lmroman10-regular]:mapping=t
ex-text;!
Missing character: There is no н (U+043D) in font [lmroman10-regular]:mapping=t
ex-text;!
Missing character: There is no и (U+0438) in font [lmroman10-regular]:mapping=t
ex-text;!
Missing character: There is no е (U+0435) in font [lmroman10-regular]:mapping=t
ex-text;!
Missing character: There is no к (U+043A) in font [lmroman10-regular]:mapping=t
ex-text;!
Missing character: There is no а (U+0430) in font [lmroman10-regular]:mapping=t
ex-text;!
Missing character: There is no к (U+043A) in font [lmroman10-regular]:mapping=t
ex-text;!
Missing character: There is no д (U+0434) in font [lmroman10-regular]:mapping=t
ex-text;!
Missing character: There is no о (U+043E) in font [lmroman10-regular]:mapping=t
ex-text;!
Missing character: There is no п (U+043F) in font [lmroman10-regular]:mapping=t
ex-text;!
Missing character: There is no о (U+043E) in font [lmroman10-regular]:mapping=t
ex-text;!
Missing character: There is no л (U+043B) in font [lmroman10-regular]:mapping=t
ex-text;!
Missing character: There is no н (U+043D) in font [lmroman10-regular]:mapping=t
ex-text;!
Missing character: There is no и (U+0438) in font [lmroman10-regular]:mapping=t
ex-text;!
Missing character: There is no т (U+0442) in font [lmroman10-regular]:mapping=t
ex-text;!
Missing character: There is no е (U+0435) in font [lmroman10-regular]:mapping=t
ex-text;!
Missing character: There is no л (U+043B) in font [lmroman10-regular]:mapping=t
ex-text;!
Missing character: There is no ь (U+044C) in font [lmroman10-regular]:mapping=t
ex-text;!
Missing character: There is no н (U+043D) in font [lmroman10-regular]:mapping=t
ex-text;!
Missing character: There is no о (U+043E) in font [lmroman10-regular]:mapping=t
ex-text;!
Missing character: There is no е (U+0435) in font [lmroman10-regular]:mapping=t
ex-text;!
Missing character: There is no с (U+0441) in font [lmroman10-regular]:mapping=t
ex-text;!
Missing character: There is no о (U+043E) in font [lmroman10-regular]:mapping=t
ex-text;!
Missing character: There is no п (U+043F) in font [lmroman10-regular]:mapping=t
ex-text;!
Missing character: There is no о (U+043E) in font [lmroman10-regular]:mapping=t
ex-text;!
Missing character: There is no с (U+0441) in font [lmroman10-regular]:mapping=t
ex-text;!
Missing character: There is no т (U+0442) in font [lmroman10-regular]:mapping=t
ex-text;!
Missing character: There is no а (U+0430) in font [lmroman10-regular]:mapping=t
ex-text;!
Missing character: There is no в (U+0432) in font [lmroman10-regular]:mapping=t
ex-text;!
Missing character: There is no л (U+043B) in font [lmroman10-regular]:mapping=t
ex-text;!
Missing character: There is no е (U+0435) in font [lmroman10-regular]:mapping=t
ex-text;!
Missing character: There is no н (U+043D) in font [lmroman10-regular]:mapping=t
ex-text;!
Missing character: There is no и (U+0438) in font [lmroman10-regular]:mapping=t
ex-text;!
Missing character: There is no е (U+0435) in font [lmroman10-regular]:mapping=t
ex-text;!
Missing character: There is no д (U+0434) in font [lmroman10-regular]:mapping=t
ex-text;!
Missing character: There is no в (U+0432) in font [lmroman10-regular]:mapping=t
ex-text;!
Missing character: There is no у (U+0443) in font [lmroman10-regular]:mapping=t
ex-text;!
Missing character: There is no х (U+0445) in font [lmroman10-regular]:mapping=t
ex-text;!
Missing character: There is no п (U+043F) in font [lmroman10-regular]:mapping=t
ex-text;!
Missing character: There is no р (U+0440) in font [lmroman10-regular]:mapping=t
ex-text;!
Missing character: There is no о (U+043E) in font [lmroman10-regular]:mapping=t
ex-text;!
Missing character: There is no г (U+0433) in font [lmroman10-regular]:mapping=t
ex-text;!
Missing character: There is no р (U+0440) in font [lmroman10-regular]:mapping=t
ex-text;!
Missing character: There is no а (U+0430) in font [lmroman10-regular]:mapping=t
ex-text;!
Missing character: There is no м (U+043C) in font [lmroman10-regular]:mapping=t
ex-text;!
Missing character: There is no м (U+043C) in font [lmroman10-regular]:mapping=t
ex-text;!
Missing character: There is no н (U+043D) in font [lmroman10-regular]:mapping=t
ex-text;!
Missing character: There is no ы (U+044B) in font [lmroman10-regular]:mapping=t
ex-text;!
Missing character: There is no х (U+0445) in font [lmroman10-regular]:mapping=t
ex-text;!
Missing character: There is no п (U+043F) in font [lmroman10-regular]:mapping=t
ex-text;!
Missing character: There is no л (U+043B) in font [lmroman10-regular]:mapping=t
ex-text;!
Missing character: There is no а (U+0430) in font [lmroman10-regular]:mapping=t
ex-text;!
Missing character: There is no т (U+0442) in font [lmroman10-regular]:mapping=t
ex-text;!
Missing character: There is no ф (U+0444) in font [lmroman10-regular]:mapping=t
ex-text;!
Missing character: There is no о (U+043E) in font [lmroman10-regular]:mapping=t
ex-text;!
Missing character: There is no р (U+0440) in font [lmroman10-regular]:mapping=t
ex-text;!
Missing character: There is no м (U+043C) in font [lmroman10-regular]:mapping=t
ex-text;!
Missing character: There is no ц (U+0446) in font [lmroman10-regular]:mapping=t
ex-text;!
Missing character: There is no е (U+0435) in font [lmroman10-regular]:mapping=t
ex-text;!
Missing character: There is no л (U+043B) in font [lmroman10-regular]:mapping=t
ex-text;!
Missing character: There is no и (U+0438) in font [lmroman10-regular]:mapping=t
ex-text;!
Missing character: There is no к (U+043A) in font [lmroman10-regular]:mapping=t
ex-text;!
Missing character: There is no о (U+043E) in font [lmroman10-regular]:mapping=t
ex-text;!
Missing character: There is no м (U+043C) in font [lmroman10-regular]:mapping=t
ex-text;!
Missing character: There is no П (U+041F) in font [lmroman10-regular]:mapping=t
ex-text;!
Missing character: There is no е (U+0435) in font [lmroman10-regular]:mapping=t
ex-text;!
Missing character: There is no р (U+0440) in font [lmroman10-regular]:mapping=t
ex-text;!
Missing character: There is no е (U+0435) in font [lmroman10-regular]:mapping=t
ex-text;!
Missing character: There is no д (U+0434) in font [lmroman10-regular]:mapping=t
ex-text;!
Missing character: There is no с (U+0441) in font [lmroman10-regular]:mapping=t
ex-text;!
Missing character: There is no е (U+0435) in font [lmroman10-regular]:mapping=t
ex-text;!
Missing character: There is no р (U+0440) in font [lmroman10-regular]:mapping=t
ex-text;!
Missing character: There is no и (U+0438) in font [lmroman10-regular]:mapping=t
ex-text;!
Missing character: There is no е (U+0435) in font [lmroman10-regular]:mapping=t
ex-text;!
Missing character: There is no й (U+0439) in font [lmroman10-regular]:mapping=t
ex-text;!
Missing character: There is no и (U+0438) in font [lmroman10-regular]:mapping=t
ex-text;!
Missing character: There is no з (U+0437) in font [lmroman10-regular]:mapping=t
ex-text;!
Missing character: There is no м (U+043C) in font [lmroman10-regular]:mapping=t
ex-text;!
Missing character: There is no е (U+0435) in font [lmroman10-regular]:mapping=t
ex-text;!
Missing character: There is no р (U+0440) in font [lmroman10-regular]:mapping=t
ex-text;!
Missing character: There is no е (U+0435) in font [lmroman10-regular]:mapping=t
ex-text;!
Missing character: There is no н (U+043D) in font [lmroman10-regular]:mapping=t
ex-text;!
Missing character: There is no и (U+0438) in font [lmroman10-regular]:mapping=t
ex-text;!
Missing character: There is no й (U+0439) in font [lmroman10-regular]:mapping=t
ex-text;!
Missing character: There is no в (U+0432) in font [lmroman10-regular]:mapping=t
ex-text;!
Missing character: There is no т (U+0442) in font [lmroman10-regular]:mapping=t
ex-text;!
Missing character: There is no а (U+0430) in font [lmroman10-regular]:mapping=t
ex-text;!
Missing character: There is no б (U+0431) in font [lmroman10-regular]:mapping=t
ex-text;!
Missing character: There is no л (U+043B) in font [lmroman10-regular]:mapping=t
ex-text;!
Missing character: There is no и (U+0438) in font [lmroman10-regular]:mapping=t
ex-text;!
Missing character: There is no ц (U+0446) in font [lmroman10-regular]:mapping=t
ex-text;!
Missing character: There is no у (U+0443) in font [lmroman10-regular]:mapping=t
ex-text;!
Missing character: There is no с (U+0441) in font [lmroman10-regular]:mapping=t
ex-text;!
Missing character: There is no л (U+043B) in font [lmroman10-regular]:mapping=t
ex-text;!
Missing character: There is no е (U+0435) in font [lmroman10-regular]:mapping=t
ex-text;!
Missing character: There is no д (U+0434) in font [lmroman10-regular]:mapping=t
ex-text;!
Missing character: There is no у (U+0443) in font [lmroman10-regular]:mapping=t
ex-text;!
Missing character: There is no е (U+0435) in font [lmroman10-regular]:mapping=t
ex-text;!
Missing character: There is no т (U+0442) in font [lmroman10-regular]:mapping=t
ex-text;!
Missing character: There is no в (U+0432) in font [lmroman10-regular]:mapping=t
ex-text;!
Missing character: There is no н (U+043D) in font [lmroman10-regular]:mapping=t
ex-text;!
Missing character: There is no е (U+0435) in font [lmroman10-regular]:mapping=t
ex-text;!
Missing character: There is no с (U+0441) in font [lmroman10-regular]:mapping=t
ex-text;!
Missing character: There is no т (U+0442) in font [lmroman10-regular]:mapping=t
ex-text;!
Missing character: There is no и (U+0438) in font [lmroman10-regular]:mapping=t
ex-text;!
Missing character: There is no в (U+0432) in font [lmroman10-regular]:mapping=t
ex-text;!
Missing character: There is no е (U+0435) in font [lmroman10-regular]:mapping=t
ex-text;!
Missing character: There is no р (U+0440) in font [lmroman10-regular]:mapping=t
ex-text;!
Missing character: There is no с (U+0441) in font [lmroman10-regular]:mapping=t
ex-text;!
Missing character: There is no и (U+0438) in font [lmroman10-regular]:mapping=t
ex-text;!
Missing character: There is no и (U+0438) in font [lmroman10-regular]:mapping=t
ex-text;!
Missing character: There is no я (U+044F) in font [lmroman10-regular]:mapping=t
ex-text;!
Missing character: There is no д (U+0434) in font [lmroman10-regular]:mapping=t
ex-text;!
Missing character: There is no р (U+0440) in font [lmroman10-regular]:mapping=t
ex-text;!
Missing character: There is no а (U+0430) in font [lmroman10-regular]:mapping=t
ex-text;!
Missing character: There is no и (U+0438) in font [lmroman10-regular]:mapping=t
ex-text;!
Missing character: There is no ф (U+0444) in font [lmroman10-regular]:mapping=t
ex-text;!
Missing character: There is no а (U+0430) in font [lmroman10-regular]:mapping=t
ex-text;!
Missing character: There is no к (U+043A) in font [lmroman10-regular]:mapping=t
ex-text;!
Missing character: There is no т (U+0442) in font [lmroman10-regular]:mapping=t
ex-text;!
Missing character: There is no и (U+0438) in font [lmroman10-regular]:mapping=t
ex-text;!
Missing character: There is no ч (U+0447) in font [lmroman10-regular]:mapping=t
ex-text;!
Missing character: There is no е (U+0435) in font [lmroman10-regular]:mapping=t
ex-text;!
Missing character: There is no с (U+0441) in font [lmroman10-regular]:mapping=t
ex-text;!
Missing character: There is no к (U+043A) in font [lmroman10-regular]:mapping=t
ex-text;!
Missing character: There is no у (U+0443) in font [lmroman10-regular]:mapping=t
ex-text;!
Missing character: There is no ю (U+044E) in font [lmroman10-regular]:mapping=t
ex-text;!
Missing character: There is no а (U+0430) in font [lmroman10-regular]:mapping=t
ex-text;!
Missing character: There is no р (U+0440) in font [lmroman10-regular]:mapping=t
ex-text;!
Missing character: There is no х (U+0445) in font [lmroman10-regular]:mapping=t
ex-text;!
Missing character: There is no и (U+0438) in font [lmroman10-regular]:mapping=t
ex-text;!
Missing character: There is no т (U+0442) in font [lmroman10-regular]:mapping=t
ex-text;!
Missing character: There is no е (U+0435) in font [lmroman10-regular]:mapping=t
ex-text;!
Missing character: There is no к (U+043A) in font [lmroman10-regular]:mapping=t
ex-text;!
Missing character: There is no т (U+0442) in font [lmroman10-regular]:mapping=t
ex-text;!
Missing character: There is no у (U+0443) in font [lmroman10-regular]:mapping=t
ex-text;!
Missing character: There is no р (U+0440) in font [lmroman10-regular]:mapping=t
ex-text;!
Missing character: There is no у (U+0443) in font [lmroman10-regular]:mapping=t
ex-text;!
Missing character: There is no с (U+0441) in font [lmroman10-regular]:mapping=t
ex-text;!
Missing character: There is no о (U+043E) in font [lmroman10-regular]:mapping=t
ex-text;!
Missing character: There is no б (U+0431) in font [lmroman10-regular]:mapping=t
ex-text;!
Missing character: There is no р (U+0440) in font [lmroman10-regular]:mapping=t
ex-text;!
Missing character: There is no а (U+0430) in font [lmroman10-regular]:mapping=t
ex-text;!
Missing character: There is no н (U+043D) in font [lmroman10-regular]:mapping=t
ex-text;!
Missing character: There is no н (U+043D) in font [lmroman10-regular]:mapping=t
ex-text;!
Missing character: There is no о (U+043E) in font [lmroman10-regular]:mapping=t
ex-text;!
Missing character: There is no й (U+0439) in font [lmroman10-regular]:mapping=t
ex-text;!
Missing character: There is no п (U+043F) in font [lmroman10-regular]:mapping=t
ex-text;!
Missing character: There is no р (U+0440) in font [lmroman10-regular]:mapping=t
ex-text;!
Missing character: There is no о (U+043E) in font [lmroman10-regular]:mapping=t
ex-text;!
Missing character: There is no г (U+0433) in font [lmroman10-regular]:mapping=t
ex-text;!
Missing character: There is no р (U+0440) in font [lmroman10-regular]:mapping=t
ex-text;!
Missing character: There is no а (U+0430) in font [lmroman10-regular]:mapping=t
ex-text;!
Missing character: There is no м (U+043C) in font [lmroman10-regular]:mapping=t
ex-text;!
Missing character: There is no м (U+043C) in font [lmroman10-regular]:mapping=t
ex-text;!
Missing character: There is no ы (U+044B) in font [lmroman10-regular]:mapping=t
ex-text;!
Missing character: There is no и (U+0438) in font [lmroman10-regular]:mapping=t
ex-text;!
Missing character: There is no р (U+0440) in font [lmroman10-regular]:mapping=t
ex-text;!
Missing character: There is no е (U+0435) in font [lmroman10-regular]:mapping=t
ex-text;!
Missing character: There is no ж (U+0436) in font [lmroman10-regular]:mapping=t
ex-text;!
Missing character: There is no и (U+0438) in font [lmroman10-regular]:mapping=t
ex-text;!
Missing character: There is no м (U+043C) in font [lmroman10-regular]:mapping=t
ex-text;!
Missing character: There is no п (U+043F) in font [lmroman10-regular]:mapping=t
ex-text;!
Missing character: There is no и (U+0438) in font [lmroman10-regular]:mapping=t
ex-text;!
Missing character: There is no т (U+0442) in font [lmroman10-regular]:mapping=t
ex-text;!
Missing character: There is no а (U+0430) in font [lmroman10-regular]:mapping=t
ex-text;!
Missing character: There is no н (U+043D) in font [lmroman10-regular]:mapping=t
ex-text;!
Missing character: There is no и (U+0438) in font [lmroman10-regular]:mapping=t
ex-text;!
Missing character: There is no я (U+044F) in font [lmroman10-regular]:mapping=t
ex-text;!
Missing character: There is no Э (U+042D) in font [lmroman10-regular]:mapping=t
ex-text;!
Missing character: There is no т (U+0442) in font [lmroman10-regular]:mapping=t
ex-text;!
Missing character: There is no и (U+0438) in font [lmroman10-regular]:mapping=t
ex-text;!
Missing character: There is no п (U+043F) in font [lmroman10-regular]:mapping=t
ex-text;!
Missing character: There is no а (U+0430) in font [lmroman10-regular]:mapping=t
ex-text;!
Missing character: There is no р (U+0440) in font [lmroman10-regular]:mapping=t
ex-text;!
Missing character: There is no а (U+0430) in font [lmroman10-regular]:mapping=t
ex-text;!
Missing character: There is no м (U+043C) in font [lmroman10-regular]:mapping=t
ex-text;!
Missing character: There is no е (U+0435) in font [lmroman10-regular]:mapping=t
ex-text;!
Missing character: There is no т (U+0442) in font [lmroman10-regular]:mapping=t
ex-text;!
Missing character: There is no р (U+0440) in font [lmroman10-regular]:mapping=t
ex-text;!
Missing character: There is no ы (U+044B) in font [lmroman10-regular]:mapping=t
ex-text;!
Missing character: There is no в (U+0432) in font [lmroman10-regular]:mapping=t
ex-text;!
Missing character: There is no м (U+043C) in font [lmroman10-regular]:mapping=t
ex-text;!
Missing character: There is no е (U+0435) in font [lmroman10-regular]:mapping=t
ex-text;!
Missing character: There is no с (U+0441) in font [lmroman10-regular]:mapping=t
ex-text;!
Missing character: There is no т (U+0442) in font [lmroman10-regular]:mapping=t
ex-text;!
Missing character: There is no е (U+0435) in font [lmroman10-regular]:mapping=t
ex-text;!
Missing character: There is no с (U+0441) in font [lmroman10-regular]:mapping=t
ex-text;!
Missing character: There is no х (U+0445) in font [lmroman10-regular]:mapping=t
ex-text;!
Missing character: There is no а (U+0430) in font [lmroman10-regular]:mapping=t
ex-text;!
Missing character: There is no р (U+0440) in font [lmroman10-regular]:mapping=t
ex-text;!
Missing character: There is no а (U+0430) in font [lmroman10-regular]:mapping=t
ex-text;!
Missing character: There is no к (U+043A) in font [lmroman10-regular]:mapping=t
ex-text;!
Missing character: There is no т (U+0442) in font [lmroman10-regular]:mapping=t
ex-text;!
Missing character: There is no е (U+0435) in font [lmroman10-regular]:mapping=t
ex-text;!
Missing character: There is no р (U+0440) in font [lmroman10-regular]:mapping=t
ex-text;!
Missing character: There is no и (U+0438) in font [lmroman10-regular]:mapping=t
ex-text;!
Missing character: There is no с (U+0441) in font [lmroman10-regular]:mapping=t
ex-text;!
Missing character: There is no т (U+0442) in font [lmroman10-regular]:mapping=t
ex-text;!
Missing character: There is no и (U+0438) in font [lmroman10-regular]:mapping=t
ex-text;!
Missing character: There is no к (U+043A) in font [lmroman10-regular]:mapping=t
ex-text;!
Missing character: There is no а (U+0430) in font [lmroman10-regular]:mapping=t
ex-text;!
Missing character: There is no м (U+043C) in font [lmroman10-regular]:mapping=t
ex-text;!
Missing character: There is no и (U+0438) in font [lmroman10-regular]:mapping=t
ex-text;!
Missing character: There is no а (U+0430) in font [lmroman10-regular]:mapping=t
ex-text;!
Missing character: There is no п (U+043F) in font [lmroman10-regular]:mapping=t
ex-text;!
Missing character: There is no п (U+043F) in font [lmroman10-regular]:mapping=t
ex-text;!
Missing character: There is no а (U+0430) in font [lmroman10-regular]:mapping=t
ex-text;!
Missing character: There is no р (U+0440) in font [lmroman10-regular]:mapping=t
ex-text;!
Missing character: There is no а (U+0430) in font [lmroman10-regular]:mapping=t
ex-text;!
Missing character: There is no т (U+0442) in font [lmroman10-regular]:mapping=t
ex-text;!
Missing character: There is no н (U+043D) in font [lmroman10-regular]:mapping=t
ex-text;!
Missing character: There is no ы (U+044B) in font [lmroman10-regular]:mapping=t
ex-text;!
Missing character: There is no х (U+0445) in font [lmroman10-regular]:mapping=t
ex-text;!
Missing character: There is no с (U+0441) in font [lmroman10-regular]:mapping=t
ex-text;!
Missing character: There is no и (U+0438) in font [lmroman10-regular]:mapping=t
ex-text;!
Missing character: There is no с (U+0441) in font [lmroman10-regular]:mapping=t
ex-text;!
Missing character: There is no т (U+0442) in font [lmroman10-regular]:mapping=t
ex-text;!
Missing character: There is no е (U+0435) in font [lmroman10-regular]:mapping=t
ex-text;!
Missing character: There is no м (U+043C) in font [lmroman10-regular]:mapping=t
ex-text;!
Missing character: There is no б (U+0431) in font [lmroman10-regular]:mapping=t
ex-text;!
Missing character: There is no у (U+0443) in font [lmroman10-regular]:mapping=t
ex-text;!
Missing character: There is no д (U+0434) in font [lmroman10-regular]:mapping=t
ex-text;!
Missing character: There is no у (U+0443) in font [lmroman10-regular]:mapping=t
ex-text;!
Missing character: There is no т (U+0442) in font [lmroman10-regular]:mapping=t
ex-text;!
Missing character: There is no с (U+0441) in font [lmroman10-regular]:mapping=t
ex-text;!
Missing character: There is no о (U+043E) in font [lmroman10-regular]:mapping=t
ex-text;!
Missing character: There is no п (U+043F) in font [lmroman10-regular]:mapping=t
ex-text;!
Missing character: There is no р (U+0440) in font [lmroman10-regular]:mapping=t
ex-text;!
Missing character: There is no о (U+043E) in font [lmroman10-regular]:mapping=t
ex-text;!
Missing character: There is no в (U+0432) in font [lmroman10-regular]:mapping=t
ex-text;!
Missing character: There is no о (U+043E) in font [lmroman10-regular]:mapping=t
ex-text;!
Missing character: There is no ж (U+0436) in font [lmroman10-regular]:mapping=t
ex-text;!
Missing character: There is no д (U+0434) in font [lmroman10-regular]:mapping=t
ex-text;!
Missing character: There is no а (U+0430) in font [lmroman10-regular]:mapping=t
ex-text;!
Missing character: There is no т (U+0442) in font [lmroman10-regular]:mapping=t
ex-text;!
Missing character: There is no ь (U+044C) in font [lmroman10-regular]:mapping=t
ex-text;!
Missing character: There is no с (U+0441) in font [lmroman10-regular]:mapping=t
ex-text;!
Missing character: There is no о (U+043E) in font [lmroman10-regular]:mapping=t
ex-text;!
Missing character: There is no х (U+0445) in font [lmroman10-regular]:mapping=t
ex-text;!
Missing character: There is no р (U+0440) in font [lmroman10-regular]:mapping=t
ex-text;!
Missing character: There is no а (U+0430) in font [lmroman10-regular]:mapping=t
ex-text;!
Missing character: There is no н (U+043D) in font [lmroman10-regular]:mapping=t
ex-text;!
Missing character: There is no ё (U+0451) in font [lmroman10-regular]:mapping=t
ex-text;!
Missing character: There is no н (U+043D) in font [lmroman10-regular]:mapping=t
ex-text;!
Missing character: There is no н (U+043D) in font [lmroman10-regular]:mapping=t
ex-text;!
Missing character: There is no ы (U+044B) in font [lmroman10-regular]:mapping=t
ex-text;!
Missing character: There is no е (U+0435) in font [lmroman10-regular]:mapping=t
ex-text;!
Missing character: There is no и (U+0438) in font [lmroman10-regular]:mapping=t
ex-text;!
Missing character: There is no з (U+0437) in font [lmroman10-regular]:mapping=t
ex-text;!
Missing character: There is no м (U+043C) in font [lmroman10-regular]:mapping=t
ex-text;!
Missing character: There is no е (U+0435) in font [lmroman10-regular]:mapping=t
ex-text;!
Missing character: There is no р (U+0440) in font [lmroman10-regular]:mapping=t
ex-text;!
Missing character: There is no е (U+0435) in font [lmroman10-regular]:mapping=t
ex-text;!
Missing character: There is no н (U+043D) in font [lmroman10-regular]:mapping=t
ex-text;!
Missing character: There is no и (U+0438) in font [lmroman10-regular]:mapping=t
ex-text;!
Missing character: There is no я (U+044F) in font [lmroman10-regular]:mapping=t
ex-text;!
)
! Undefined control sequence.
l.16 \section
             {Теоретическое обоснование сравнения моделей многопоточности}
? 
Missing character: There is no Т (U+0422) in font [lmroman10-regular]:mapping=t
ex-text;!
Missing character: There is no е (U+0435) in font [lmroman10-regular]:mapping=t
ex-text;!
Missing character: There is no о (U+043E) in font [lmroman10-regular]:mapping=t
ex-text;!
Missing character: There is no р (U+0440) in font [lmroman10-regular]:mapping=t
ex-text;!
Missing character: There is no е (U+0435) in font [lmroman10-regular]:mapping=t
ex-text;!
Missing character: There is no т (U+0442) in font [lmroman10-regular]:mapping=t
ex-text;!
Missing character: There is no и (U+0438) in font [lmroman10-regular]:mapping=t
ex-text;!
Missing character: There is no ч (U+0447) in font [lmroman10-regular]:mapping=t
ex-text;!
Missing character: There is no е (U+0435) in font [lmroman10-regular]:mapping=t
ex-text;!
Missing character: There is no с (U+0441) in font [lmroman10-regular]:mapping=t
ex-text;!
Missing character: There is no к (U+043A) in font [lmroman10-regular]:mapping=t
ex-text;!
Missing character: There is no о (U+043E) in font [lmroman10-regular]:mapping=t
ex-text;!
Missing character: There is no е (U+0435) in font [lmroman10-regular]:mapping=t
ex-text;!
Missing character: There is no о (U+043E) in font [lmroman10-regular]:mapping=t
ex-text;!
Missing character: There is no б (U+0431) in font [lmroman10-regular]:mapping=t
ex-text;!
Missing character: There is no о (U+043E) in font [lmroman10-regular]:mapping=t
ex-text;!
Missing character: There is no с (U+0441) in font [lmroman10-regular]:mapping=t
ex-text;!
Missing character: There is no н (U+043D) in font [lmroman10-regular]:mapping=t
ex-text;!
Missing character: There is no о (U+043E) in font [lmroman10-regular]:mapping=t
ex-text;!
Missing character: There is no в (U+0432) in font [lmroman10-regular]:mapping=t
ex-text;!
Missing character: There is no а (U+0430) in font [lmroman10-regular]:mapping=t
ex-text;!
Missing character: There is no н (U+043D) in font [lmroman10-regular]:mapping=t
ex-text;!
Missing character: There is no и (U+0438) in font [lmroman10-regular]:mapping=t
ex-text;!
Missing character: There is no е (U+0435) in font [lmroman10-regular]:mapping=t
ex-text;!
Missing character: There is no с (U+0441) in font [lmroman10-regular]:mapping=t
ex-text;!
Missing character: There is no р (U+0440) in font [lmroman10-regular]:mapping=t
ex-text;!
Missing character: There is no а (U+0430) in font [lmroman10-regular]:mapping=t
ex-text;!
Missing character: There is no в (U+0432) in font [lmroman10-regular]:mapping=t
ex-text;!
Missing character: There is no н (U+043D) in font [lmroman10-regular]:mapping=t
ex-text;!
Missing character: There is no е (U+0435) in font [lmroman10-regular]:mapping=t
ex-text;!
Missing character: There is no н (U+043D) in font [lmroman10-regular]:mapping=t
ex-text;!
Missing character: There is no и (U+0438) in font [lmroman10-regular]:mapping=t
ex-text;!
Missing character: There is no я (U+044F) in font [lmroman10-regular]:mapping=t
ex-text;!
Missing character: There is no м (U+043C) in font [lmroman10-regular]:mapping=t
ex-text;!
Missing character: There is no о (U+043E) in font [lmroman10-regular]:mapping=t
ex-text;!
Missing character: There is no д (U+0434) in font [lmroman10-regular]:mapping=t
ex-text;!
Missing character: There is no е (U+0435) in font [lmroman10-regular]:mapping=t
ex-text;!
Missing character: There is no л (U+043B) in font [lmroman10-regular]:mapping=t
ex-text;!
Missing character: There is no е (U+0435) in font [lmroman10-regular]:mapping=t
ex-text;!
Missing character: There is no й (U+0439) in font [lmroman10-regular]:mapping=t
ex-text;!
Missing character: There is no м (U+043C) in font [lmroman10-regular]:mapping=t
ex-text;!
Missing character: There is no н (U+043D) in font [lmroman10-regular]:mapping=t
ex-text;!
Missing character: There is no о (U+043E) in font [lmroman10-regular]:mapping=t
ex-text;!
Missing character: There is no г (U+0433) in font [lmroman10-regular]:mapping=t
ex-text;!
Missing character: There is no о (U+043E) in font [lmroman10-regular]:mapping=t
ex-text;!
Missing character: There is no п (U+043F) in font [lmroman10-regular]:mapping=t
ex-text;!
Missing character: There is no о (U+043E) in font [lmroman10-regular]:mapping=t
ex-text;!
Missing character: There is no т (U+0442) in font [lmroman10-regular]:mapping=t
ex-text;!
Missing character: There is no о (U+043E) in font [lmroman10-regular]:mapping=t
ex-text;!
Missing character: There is no ч (U+0447) in font [lmroman10-regular]:mapping=t
ex-text;!
Missing character: There is no н (U+043D) in font [lmroman10-regular]:mapping=t
ex-text;!
Missing character: There is no о (U+043E) in font [lmroman10-regular]:mapping=t
ex-text;!
Missing character: There is no с (U+0441) in font [lmroman10-regular]:mapping=t
ex-text;!
Missing character: There is no т (U+0442) in font [lmroman10-regular]:mapping=t
ex-text;!
Missing character: There is no и (U+0438) in font [lmroman10-regular]:mapping=t
ex-text;!
(./sections/03_threading_models.tex)
! Undefined control sequence.
l.20 \section
             {Проектирование программы и методики эксперимента}
? 
Missing character: There is no П (U+041F) in font [lmroman10-regular]:mapping=t
ex-text;!
Missing character: There is no р (U+0440) in font [lmroman10-regular]:mapping=t
ex-text;!
Missing character: There is no о (U+043E) in font [lmroman10-regular]:mapping=t
ex-text;!
Missing character: There is no е (U+0435) in font [lmroman10-regular]:mapping=t
ex-text;!
Missing character: There is no к (U+043A) in font [lmroman10-regular]:mapping=t
ex-text;!
Missing character: There is no т (U+0442) in font [lmroman10-regular]:mapping=t
ex-text;!
Missing character: There is no и (U+0438) in font [lmroman10-regular]:mapping=t
ex-text;!
Missing character: There is no р (U+0440) in font [lmroman10-regular]:mapping=t
ex-text;!
Missing character: There is no о (U+043E) in font [lmroman10-regular]:mapping=t
ex-text;!
Missing character: There is no в (U+0432) in font [lmroman10-regular]:mapping=t
ex-text;!
Missing character: There is no а (U+0430) in font [lmroman10-regular]:mapping=t
ex-text;!
Missing character: There is no н (U+043D) in font [lmroman10-regular]:mapping=t
ex-text;!
Missing character: There is no и (U+0438) in font [lmroman10-regular]:mapping=t
ex-text;!
Missing character: There is no е (U+0435) in font [lmroman10-regular]:mapping=t
ex-text;!
Missing character: There is no п (U+043F) in font [lmroman10-regular]:mapping=t
ex-text;!
Missing character: There is no р (U+0440) in font [lmroman10-regular]:mapping=t
ex-text;!
Missing character: There is no о (U+043E) in font [lmroman10-regular]:mapping=t
ex-text;!
Missing character: There is no г (U+0433) in font [lmroman10-regular]:mapping=t
ex-text;!
Missing character: There is no р (U+0440) in font [lmroman10-regular]:mapping=t
ex-text;!
Missing character: There is no а (U+0430) in font [lmroman10-regular]:mapping=t
ex-text;!
Missing character: There is no м (U+043C) in font [lmroman10-regular]:mapping=t
ex-text;!
Missing character: There is no м (U+043C) in font [lmroman10-regular]:mapping=t
ex-text;!
Missing character: There is no ы (U+044B) in font [lmroman10-regular]:mapping=t
ex-text;!
Missing character: There is no и (U+0438) in font [lmroman10-regular]:mapping=t
ex-text;!
Missing character: There is no м (U+043C) in font [lmroman10-regular]:mapping=t
ex-text;!
Missing character: There is no е (U+0435) in font [lmroman10-regular]:mapping=t
ex-text;!
Missing character: There is no т (U+0442) in font [lmroman10-regular]:mapping=t
ex-text;!
Missing character: There is no о (U+043E) in font [lmroman10-regular]:mapping=t
ex-text;!
Missing character: There is no д (U+0434) in font [lmroman10-regular]:mapping=t
ex-text;!
Missing character: There is no и (U+0438) in font [lmroman10-regular]:mapping=t
ex-text;!
Missing character: There is no к (U+043A) in font [lmroman10-regular]:mapping=t
ex-text;!
Missing character: There is no и (U+0438) in font [lmroman10-regular]:mapping=t
ex-text;!
Missing character: There is no э (U+044D) in font [lmroman10-regular]:mapping=t
ex-text;!
Missing character: There is no к (U+043A) in font [lmroman10-regular]:mapping=t
ex-text;!
Missing character: There is no с (U+0441) in font [lmroman10-regular]:mapping=t
ex-text;!
Missing character: There is no п (U+043F) in font [lmroman10-regular]:mapping=t
ex-text;!
Missing character: There is no е (U+0435) in font [lmroman10-regular]:mapping=t
ex-text;!
Missing character: There is no р (U+0440) in font [lmroman10-regular]:mapping=t
ex-text;!
Missing character: There is no и (U+0438) in font [lmroman10-regular]:mapping=t
ex-text;!
Missing character: There is no м (U+043C) in font [lmroman10-regular]:mapping=t
ex-text;!
Missing character: There is no е (U+0435) in font [lmroman10-regular]:mapping=t
ex-text;!
Missing character: There is no н (U+043D) in font [lmroman10-regular]:mapping=t
ex-text;!
Missing character: There is no т (U+0442) in font [lmroman10-regular]:mapping=t
ex-text;!
Missing character: There is no а (U+0430) in font [lmroman10-regular]:mapping=t
ex-text;!
(./sections/04_experiment_design.tex)
! Undefined control sequence.
l.24 \section
             {Сравнение производительности моделей 1:1 и M:N}
? 
Missing character: There is no С (U+0421) in font [lmroman10-regular]:mapping=t
ex-text;!
Missing character: There is no р (U+0440) in font [lmroman10-regular]:mapping=t
ex-text;!
Missing character: There is no а (U+0430) in font [lmroman10-regular]:mapping=t
ex-text;!
Missing character: There is no в (U+0432) in font [lmroman10-regular]:mapping=t
ex-text;!
Missing character: There is no н (U+043D) in font [lmroman10-regular]:mapping=t
ex-text;!
Missing character: There is no е (U+0435) in font [lmroman10-regular]:mapping=t
ex-text;!
Missing character: There is no н (U+043D) in font [lmroman10-regular]:mapping=t
ex-text;!
Missing character: There is no и (U+0438) in font [lmroman10-regular]:mapping=t
ex-text;!
Missing character: There is no е (U+0435) in font [lmroman10-regular]:mapping=t
ex-text;!
Missing character: There is no п (U+043F) in font [lmroman10-regular]:mapping=t
ex-text;!
Missing character: There is no р (U+0440) in font [lmroman10-regular]:mapping=t
ex-text;!
Missing character: There is no о (U+043E) in font [lmroman10-regular]:mapping=t
ex-text;!
Missing character: There is no и (U+0438) in font [lmroman10-regular]:mapping=t
ex-text;!
Missing character: There is no з (U+0437) in font [lmroman10-regular]:mapping=t
ex-text;!
Missing character: There is no в (U+0432) in font [lmroman10-regular]:mapping=t
ex-text;!
Missing character: There is no о (U+043E) in font [lmroman10-regular]:mapping=t
ex-text;!
Missing character: There is no д (U+0434) in font [lmroman10-regular]:mapping=t
ex-text;!
Missing character: There is no и (U+0438) in font [lmroman10-regular]:mapping=t
ex-text;!
Missing character: There is no т (U+0442) in font [lmroman10-regular]:mapping=t
ex-text;!
Missing character: There is no е (U+0435) in font [lmroman10-regular]:mapping=t
ex-text;!
Missing character: There is no л (U+043B) in font [lmroman10-regular]:mapping=t
ex-text;!
Missing character: There is no ь (U+044C) in font [lmroman10-regular]:mapping=t
ex-text;!
Missing character: There is no н (U+043D) in font [lmroman10-regular]:mapping=t
ex-text;!
Missing character: There is no о (U+043E) in font [lmroman10-regular]:mapping=t
ex-text;!
Missing character: There is no с (U+0441) in font [lmroman10-regular]:mapping=t
ex-text;!
Missing character: There is no т (U+0442) in font [lmroman10-regular]:mapping=t
ex-text;!
Missing character: There is no и (U+0438) in font [lmroman10-regular]:mapping=t
ex-text;!
Missing character: There is no м (U+043C) in font [lmroman10-regular]:mapping=t
ex-text;!
Missing character: There is no о (U+043E) in font [lmroman10-regular]:mapping=t
ex-text;!
Missing character: There is no д (U+0434) in font [lmroman10-regular]:mapping=t
ex-text;!
Missing character: There is no е (U+0435) in font [lmroman10-regular]:mapping=t
ex-text;!
Missing character: There is no л (U+043B) in font [lmroman10-regular]:mapping=t
ex-text;!
Missing character: There is no е (U+0435) in font [lmroman10-regular]:mapping=t
ex-text;!
Missing character: There is no й (U+0439) in font [lmroman10-regular]:mapping=t
ex-text;!
Missing character: There is no и (U+0438) in font [lmroman10-regular]:mapping=t
ex-text;!
(./sections/05_results.tex)
! Undefined control sequence.
l.28 \sectioncentered
                     *{ЗАКЛЮЧЕНИЕ}
? 
Missing character: There is no З (U+0417) in font [lmroman10-regular]:mapping=t
ex-text;!
Missing character: There is no А (U+0410) in font [lmroman10-regular]:mapping=t
ex-text;!
Missing character: There is no К (U+041A) in font [lmroman10-regular]:mapping=t
ex-text;!
Missing character: There is no Л (U+041B) in font [lmroman10-regular]:mapping=t
ex-text;!
Missing character: There is no Ю (U+042E) in font [lmroman10-regular]:mapping=t
ex-text;!
Missing character: There is no Ч (U+0427) in font [lmroman10-regular]:mapping=t
ex-text;!
Missing character: There is no Е (U+0415) in font [lmroman10-regular]:mapping=t
ex-text;!
Missing character: There is no Н (U+041D) in font [lmroman10-regular]:mapping=t
ex-text;!
Missing character: There is no И (U+0418) in font [lmroman10-regular]:mapping=t
ex-text;!
Missing character: There is no Е (U+0415) in font [lmroman10-regular]:mapping=t
ex-text;!
! Undefined control sequence.
l.30 \addtocline
                {section}{Заключение}
? 
Missing character: There is no З (U+0417) in font [lmroman10-regular]:mapping=t
ex-text;!
Missing character: There is no а (U+0430) in font [lmroman10-regular]:mapping=t
ex-text;!
Missing character: There is no к (U+043A) in font [lmroman10-regular]:mapping=t
ex-text;!
Missing character: There is no л (U+043B) in font [lmroman10-regular]:mapping=t
ex-text;!
Missing character: There is no ю (U+044E) in font [lmroman10-regular]:mapping=t
ex-text;!
Missing character: There is no ч (U+0447) in font [lmroman10-regular]:mapping=t
ex-text;!
Missing character: There is no е (U+0435) in font [lmroman10-regular]:mapping=t
ex-text;!
Missing character: There is no н (U+043D) in font [lmroman10-regular]:mapping=t
ex-text;!
Missing character: There is no и (U+0438) in font [lmroman10-regular]:mapping=t
ex-text;!
Missing character: There is no е (U+0435) in font [lmroman10-regular]:mapping=t
ex-text;!
(./sections/06_conclusion.tex)) (./references.tex

! LaTeX Error: Command \bibname undefined.

See the LaTeX manual or LaTeX Companion for explanation.
Type  H <return>  for immediate help.
 ...                                              
                                                  
l.3 \renewcommand{\bibname}
                           {Список использованных источников}
? 

! LaTeX Error: Command \bibsection undefined.

See the LaTeX manual or LaTeX Companion for explanation.
Type  H <return>  for immediate help.
 ...                                              
                                                  
l.4 \renewcommand{\bibsection}
                              {\sectioncentered*{\bibname}}
? 

Underfull \vbox (badness 10000) has occurred while \output is active

! LaTeX Error: The font size command \normalsize is not defined:
               there is probably something wrong with the class file.

See the LaTeX manual or LaTeX Companion for explanation.
Type  H <return>  for immediate help.
 ...                                              
                                                  
l.7 
    
? 
! Undefined control sequence.
\@oddfoot ->\reset@font \hfil \thepage 
                                       \hfil 
l.7 
    
? 
[3
! Undefined control sequence.
<write> \newlabel{sec:introduction}{{}{\thepage 
                                                }{}{}{}}
l.7 
    
? 
! Undefined control sequence.
<write> \newlabel{sec:architecture}{{}{\thepage 
                                                }{}{}{}}
l.7 
    
? 
! Undefined control sequence.
<write> \newlabel{subsec:isa}{{}{\thepage 
                                          }{}{}{}}
l.7 
    
? 
! Undefined control sequence.
<write> ...subsec:hardware-resources}{{}{\thepage 
                                                  }{}{}{}}
l.7 
    
? 
! Undefined control sequence.
<write> ...{subsec:parallel-hardware}{{}{\thepage 
                                                  }{}{}{}}
l.7 
    
? 
! Undefined control sequence.
<write> ...label{subsec:test-systems}{{}{\thepage 
                                                  }{}{}{}}
l.7 
    
? 
! Undefined control sequence.
<write> \newlabel{tab:test-systems}{{}{\thepage 
                                                }{}{}{}}
l.7 
    
? 
! Undefined control sequence.
<write> ...bel{sec:software-platform}{{}{\thepage 
                                                  }{}{}{}}
l.7 
    
? 
! Undefined control sequence.
<write> \newlabel{subsec:os-role}{{}{\thepage 
                                              }{}{}{}}
l.7 
    
? 
! Undefined control sequence.
<write> ...abel{subsec:os-scheduling}{{}{\thepage 
                                                  }{}{}{}}
l.7 
    
? 
! Undefined control sequence.
<write> \newlabel{subsec:go-runtime}{{}{\thepage 
                                                 }{}{}{}}
l.7 
    
? 
! Undefined control sequence.
<write> ...subsec:software-platforms}{{}{\thepage 
                                                  }{}{}{}}
l.7 
    
? 
! Undefined control sequence.
<write> ...el{tab:software-platforms}{{}{\thepage 
                                                  }{}{}{}}
l.7 
    
? 

! Undefined control sequence.
<write> ...abel{sec:threading-models}{{}{\thepage 
                                                  }{}{}{}}
l.7 
    
? ! Undefined control sequence.
<write> ...bel{sec:experiment-design}{{}{\thepage 
                                                  }{}{}{}}
l.7 
    
? 
! Undefined control sequence.
<write> \newlabel{sec:results}{{}{\thepage 
                                           }{}{}{}}
l.7 
    
? 
! Undefined control sequence.
<write> \newlabel{sec:conclusion}{{}{\thepage 
                                              }{}{}{}}
l.7 
    
? 
]
! Undefined control sequence.
l.10 \addtocline
                {section}{\texorpdfstring{\bibname}{\bibname}}
? 
! Undefined control sequence.
l.10 \addtocline{section}{\texorpdfstring
                                         {\bibname}{\bibname}}
? 
Missing character: There is no С (U+0421) in font [lmroman10-regular]:mapping=t
ex-text;!
Missing character: There is no п (U+043F) in font [lmroman10-regular]:mapping=t
ex-text;!
Missing character: There is no и (U+0438) in font [lmroman10-regular]:mapping=t
ex-text;!
Missing character: There is no с (U+0441) in font [lmroman10-regular]:mapping=t
ex-text;!
Missing character: There is no о (U+043E) in font [lmroman10-regular]:mapping=t
ex-text;!
Missing character: There is no к (U+043A) in font [lmroman10-regular]:mapping=t
ex-text;!
Missing character: There is no и (U+0438) in font [lmroman10-regular]:mapping=t
ex-text;!
Missing character: There is no с (U+0441) in font [lmroman10-regular]:mapping=t
ex-text;!
Missing character: There is no п (U+043F) in font [lmroman10-regular]:mapping=t
ex-text;!
Missing character: There is no о (U+043E) in font [lmroman10-regular]:mapping=t
ex-text;!
Missing character: There is no л (U+043B) in font [lmroman10-regular]:mapping=t
ex-text;!
Missing character: There is no ь (U+044C) in font [lmroman10-regular]:mapping=t
ex-text;!
Missing character: There is no з (U+0437) in font [lmroman10-regular]:mapping=t
ex-text;!
Missing character: There is no о (U+043E) in font [lmroman10-regular]:mapping=t
ex-text;!
Missing character: There is no в (U+0432) in font [lmroman10-regular]:mapping=t
ex-text;!
Missing character: There is no а (U+0430) in font [lmroman10-regular]:mapping=t
ex-text;!
Missing character: There is no н (U+043D) in font [lmroman10-regular]:mapping=t
ex-text;!
Missing character: There is no н (U+043D) in font [lmroman10-regular]:mapping=t
ex-text;!
Missing character: There is no ы (U+044B) in font [lmroman10-regular]:mapping=t
ex-text;!
Missing character: There is no х (U+0445) in font [lmroman10-regular]:mapping=t
ex-text;!
Missing character: There is no и (U+0438) in font [lmroman10-regular]:mapping=t
ex-text;!
Missing character: There is no с (U+0441) in font [lmroman10-regular]:mapping=t
ex-text;!
Missing character: There is no т (U+0442) in font [lmroman10-regular]:mapping=t
ex-text;!
Missing character: There is no о (U+043E) in font [lmroman10-regular]:mapping=t
ex-text;!
Missing character: There is no ч (U+0447) in font [lmroman10-regular]:mapping=t
ex-text;!
Missing character: There is no н (U+043D) in font [lmroman10-regular]:mapping=t
ex-text;!
Missing character: There is no и (U+0438) in font [lmroman10-regular]:mapping=t
ex-text;!
Missing character: There is no к (U+043A) in font [lmroman10-regular]:mapping=t
ex-text;!
Missing character: There is no о (U+043E) in font [lmroman10-regular]:mapping=t
ex-text;!
Missing character: There is no в (U+0432) in font [lmroman10-regular]:mapping=t
ex-text;!
Missing character: There is no С (U+0421) in font [lmroman10-regular]:mapping=t
ex-text;!
Missing character: There is no п (U+043F) in font [lmroman10-regular]:mapping=t
ex-text;!
Missing character: There is no и (U+0438) in font [lmroman10-regular]:mapping=t
ex-text;!
Missing character: There is no с (U+0441) in font [lmroman10-regular]:mapping=t
ex-text;!
Missing character: There is no о (U+043E) in font [lmroman10-regular]:mapping=t
ex-text;!
Missing character: There is no к (U+043A) in font [lmroman10-regular]:mapping=t
ex-text;!
Missing character: There is no и (U+0438) in font [lmroman10-regular]:mapping=t
ex-text;!
Missing character: There is no с (U+0441) in font [lmroman10-regular]:mapping=t
ex-text;!
Missing character: There is no п (U+043F) in font [lmroman10-regular]:mapping=t
ex-text;!
Missing character: There is no о (U+043E) in font [lmroman10-regular]:mapping=t
ex-text;!
Missing character: There is no л (U+043B) in font [lmroman10-regular]:mapping=t
ex-text;!
Missing character: There is no ь (U+044C) in font [lmroman10-regular]:mapping=t
ex-text;!
Missing character: There is no з (U+0437) in font [lmroman10-regular]:mapping=t
ex-text;!
Missing character: There is no о (U+043E) in font [lmroman10-regular]:mapping=t
ex-text;!
Missing character: There is no в (U+0432) in font [lmroman10-regular]:mapping=t
ex-text;!
Missing character: There is no а (U+0430) in font [lmroman10-regular]:mapping=t
ex-text;!
Missing character: There is no н (U+043D) in font [lmroman10-regular]:mapping=t
ex-text;!
Missing character: There is no н (U+043D) in font [lmroman10-regular]:mapping=t
ex-text;!
Missing character: There is no ы (U+044B) in font [lmroman10-regular]:mapping=t
ex-text;!
Missing character: There is no х (U+0445) in font [lmroman10-regular]:mapping=t
ex-text;!
Missing character: There is no и (U+0438) in font [lmroman10-regular]:mapping=t
ex-text;!
Missing character: There is no с (U+0441) in font [lmroman10-regular]:mapping=t
ex-text;!
Missing character: There is no т (U+0442) in font [lmroman10-regular]:mapping=t
ex-text;!
Missing character: There is no о (U+043E) in font [lmroman10-regular]:mapping=t
ex-text;!
Missing character: There is no ч (U+0447) in font [lmroman10-regular]:mapping=t
ex-text;!
Missing character: There is no н (U+043D) in font [lmroman10-regular]:mapping=t
ex-text;!
Missing character: There is no и (U+0438) in font [lmroman10-regular]:mapping=t
ex-text;!
Missing character: There is no к (U+043A) in font [lmroman10-regular]:mapping=t
ex-text;!
Missing character: There is no о (U+043E) in font [lmroman10-regular]:mapping=t
ex-text;!
Missing character: There is no в (U+0432) in font [lmroman10-regular]:mapping=t
ex-text;!
! Undefined control sequence.
<argument> \rootPathPrefix 
                           ../src/bibliography_database
l.14 ...otPathPrefix ../src/bibliography_database}
                                                  
? 
No file report.bbl.
) (./annexes.tex)

! LaTeX Error: The font size command \normalsize is not defined:
               there is probably something wrong with the class file.

See the LaTeX manual or LaTeX Companion for explanation.
Type  H <return>  for immediate help.
 ...                                              
                                                  
l.19 \end{document}
                   
? 
! Undefined control sequence.
\@oddfoot ->\reset@font \hfil \thepage 
                                       \hfil 
l.19 \end{document}
                   
? 
[4] (./report.aux)


LaTeX Warning: There were undefined references.


LaTeX Warning: Label(s) may have changed. Rerun to get cross-references right.

 ) )
Output written on report.pdf (4 pages).
Transcript written on report.log.

make: *** [Makefile:15: report.pdf] Error 1
make: Leaving directory '/test/src'